Archive member included to satisfy reference by file (symbol)

C:/ST/STM32CubeIDE_1.15.1/STM32CubeIDE/plugins/com.st.stm32cube.ide.mcu.externaltools.gnu-tools-for-stm32.12.3.rel1.win32_1.0.200.202406191623/tools/bin/../lib/gcc/arm-none-eabi/12.3.1/../../../../arm-none-eabi/lib/thumb/v7e-m+dp/hard\libc_nano.a(libc_a-exit.o)
                              C:/ST/STM32CubeIDE_1.15.1/STM32CubeIDE/plugins/com.st.stm32cube.ide.mcu.externaltools.gnu-tools-for-stm32.12.3.rel1.win32_1.0.200.202406191623/tools/bin/../lib/gcc/arm-none-eabi/12.3.1/../../../../arm-none-eabi/lib/thumb/v7e-m+dp/hard/crt0.o (exit)
C:/ST/STM32CubeIDE_1.15.1/STM32CubeIDE/plugins/com.st.stm32cube.ide.mcu.externaltools.gnu-tools-for-stm32.12.3.rel1.win32_1.0.200.202406191623/tools/bin/../lib/gcc/arm-none-eabi/12.3.1/../../../../arm-none-eabi/lib/thumb/v7e-m+dp/hard\libc_nano.a(libc_a-findfp.o)
                              C:/ST/STM32CubeIDE_1.15.1/STM32CubeIDE/plugins/com.st.stm32cube.ide.mcu.externaltools.gnu-tools-for-stm32.12.3.rel1.win32_1.0.200.202406191623/tools/bin/../lib/gcc/arm-none-eabi/12.3.1/../../../../arm-none-eabi/lib/thumb/v7e-m+dp/hard\libc_nano.a(libc_a-exit.o) (__stdio_exit_handler)
C:/ST/STM32CubeIDE_1.15.1/STM32CubeIDE/plugins/com.st.stm32cube.ide.mcu.externaltools.gnu-tools-for-stm32.12.3.rel1.win32_1.0.200.202406191623/tools/bin/../lib/gcc/arm-none-eabi/12.3.1/../../../../arm-none-eabi/lib/thumb/v7e-m+dp/hard\libc_nano.a(libc_a-fwalk.o)
                              C:/ST/STM32CubeIDE_1.15.1/STM32CubeIDE/plugins/com.st.stm32cube.ide.mcu.externaltools.gnu-tools-for-stm32.12.3.rel1.win32_1.0.200.202406191623/tools/bin/../lib/gcc/arm-none-eabi/12.3.1/../../../../arm-none-eabi/lib/thumb/v7e-m+dp/hard\libc_nano.a(libc_a-findfp.o) (_fwalk_sglue)
C:/ST/STM32CubeIDE_1.15.1/STM32CubeIDE/plugins/com.st.stm32cube.ide.mcu.externaltools.gnu-tools-for-stm32.12.3.rel1.win32_1.0.200.202406191623/tools/bin/../lib/gcc/arm-none-eabi/12.3.1/../../../../arm-none-eabi/lib/thumb/v7e-m+dp/hard\libc_nano.a(libc_a-stdio.o)
                              C:/ST/STM32CubeIDE_1.15.1/STM32CubeIDE/plugins/com.st.stm32cube.ide.mcu.externaltools.gnu-tools-for-stm32.12.3.rel1.win32_1.0.200.202406191623/tools/bin/../lib/gcc/arm-none-eabi/12.3.1/../../../../arm-none-eabi/lib/thumb/v7e-m+dp/hard\libc_nano.a(libc_a-findfp.o) (__sread)
C:/ST/STM32CubeIDE_1.15.1/STM32CubeIDE/plugins/com.st.stm32cube.ide.mcu.externaltools.gnu-tools-for-stm32.12.3.rel1.win32_1.0.200.202406191623/tools/bin/../lib/gcc/arm-none-eabi/12.3.1/../../../../arm-none-eabi/lib/thumb/v7e-m+dp/hard\libc_nano.a(libc_a-memset.o)
                              C:/ST/STM32CubeIDE_1.15.1/STM32CubeIDE/plugins/com.st.stm32cube.ide.mcu.externaltools.gnu-tools-for-stm32.12.3.rel1.win32_1.0.200.202406191623/tools/bin/../lib/gcc/arm-none-eabi/12.3.1/../../../../arm-none-eabi/lib/thumb/v7e-m+dp/hard/crt0.o (memset)
C:/ST/STM32CubeIDE_1.15.1/STM32CubeIDE/plugins/com.st.stm32cube.ide.mcu.externaltools.gnu-tools-for-stm32.12.3.rel1.win32_1.0.200.202406191623/tools/bin/../lib/gcc/arm-none-eabi/12.3.1/../../../../arm-none-eabi/lib/thumb/v7e-m+dp/hard\libc_nano.a(libc_a-closer.o)
                              C:/ST/STM32CubeIDE_1.15.1/STM32CubeIDE/plugins/com.st.stm32cube.ide.mcu.externaltools.gnu-tools-for-stm32.12.3.rel1.win32_1.0.200.202406191623/tools/bin/../lib/gcc/arm-none-eabi/12.3.1/../../../../arm-none-eabi/lib/thumb/v7e-m+dp/hard\libc_nano.a(libc_a-stdio.o) (_close_r)
C:/ST/STM32CubeIDE_1.15.1/STM32CubeIDE/plugins/com.st.stm32cube.ide.mcu.externaltools.gnu-tools-for-stm32.12.3.rel1.win32_1.0.200.202406191623/tools/bin/../lib/gcc/arm-none-eabi/12.3.1/../../../../arm-none-eabi/lib/thumb/v7e-m+dp/hard\libc_nano.a(libc_a-reent.o)
                              C:/ST/STM32CubeIDE_1.15.1/STM32CubeIDE/plugins/com.st.stm32cube.ide.mcu.externaltools.gnu-tools-for-stm32.12.3.rel1.win32_1.0.200.202406191623/tools/bin/../lib/gcc/arm-none-eabi/12.3.1/../../../../arm-none-eabi/lib/thumb/v7e-m+dp/hard\libc_nano.a(libc_a-closer.o) (errno)
C:/ST/STM32CubeIDE_1.15.1/STM32CubeIDE/plugins/com.st.stm32cube.ide.mcu.externaltools.gnu-tools-for-stm32.12.3.rel1.win32_1.0.200.202406191623/tools/bin/../lib/gcc/arm-none-eabi/12.3.1/../../../../arm-none-eabi/lib/thumb/v7e-m+dp/hard\libc_nano.a(libc_a-impure.o)
                              C:/ST/STM32CubeIDE_1.15.1/STM32CubeIDE/plugins/com.st.stm32cube.ide.mcu.externaltools.gnu-tools-for-stm32.12.3.rel1.win32_1.0.200.202406191623/tools/bin/../lib/gcc/arm-none-eabi/12.3.1/../../../../arm-none-eabi/lib/thumb/v7e-m+dp/hard\libc_nano.a(libc_a-reent.o) (_impure_ptr)
C:/ST/STM32CubeIDE_1.15.1/STM32CubeIDE/plugins/com.st.stm32cube.ide.mcu.externaltools.gnu-tools-for-stm32.12.3.rel1.win32_1.0.200.202406191623/tools/bin/../lib/gcc/arm-none-eabi/12.3.1/../../../../arm-none-eabi/lib/thumb/v7e-m+dp/hard\libc_nano.a(libc_a-lseekr.o)
[...]
Memory Configuration

Name             Origin             Length             Attributes
FLASH            0x08000000         0x00020000         xr
DTCMRAM          0x20000000         0x00020000         xrw
RAM_D1           0x24000000         0x00080000         xrw
RAM_D2           0x30000000         0x00048000         xrw
RAM_D3           0x38000000         0x00010000         xrw
ITCMRAM          0x00000000         0x00010000         xrw
*default*        0x00000000         0xffffffff

Linker script and memory map

LOAD C:/ST/STM32CubeIDE_1.15.1/STM32CubeIDE/plugins/com.st.stm32cube.ide.mcu.externaltools.gnu-tools-for-stm32.12.3.rel1.win32_1.0.200.202406191623/tools/bin/../lib/gcc/arm-none-eabi/12.3.1/thumb/v7e-m+dp/hard/crti.o
LOAD C:/ST/STM32CubeIDE_1.15.1/STM32CubeIDE/plugins/com.st.stm32cube.ide.mcu.externaltools.gnu-tools-for-stm32.12.3.rel1.win32_1.0.200.202406191623/tools/bin/../lib/gcc/arm-none-eabi/12.3.1/thumb/v7e-m+dp/hard/crtbegin.o
LOAD C:/ST/STM32CubeIDE_1.15.1/STM32CubeIDE/plugins/com.st.stm32cube.ide.mcu.externaltools.gnu-tools-for-stm32.12.3.rel1.win32_1.0.200.202406191623/tools/bin/../lib/gcc/arm-none-eabi/12.3.1/../../../../arm-none-eabi/lib/thumb/v7e-m+dp/hard/crt0.o
LOAD ./Core/Src/main.o
LOAD ./Core/Src/stm32h7xx_hal_msp.o
LOAD ./Core/Src/stm32h7xx_it.o
LOAD ./Core/Src/syscalls.o
LOAD ./Core/Src/sysmem.o
LOAD ./Core/Src/system_stm32h7xx.o
LOAD ./Core/Startup/startup_stm32h750vbtx.o
LOAD ./Drivers/DSP/Common/systick/systick.o
LOAD ./Drivers/DSP/Components/ov2640/ov2640.o
LOAD ./Drivers/DSP/Components/ov2640/ov2640_cfg.o
LOAD ./Drivers/DSP/Components/ov2640/sccb.o
LOAD ./Drivers/STM32H7xx_HAL_Driver/Src/stm32h7xx_hal.o
LOAD ./Drivers/STM32H7xx_HAL_Driver/Src/stm32h7xx_hal_cortex.o
LOAD ./Drivers/STM32H7xx_HAL_Driver/Src/stm32h7xx_hal_dcmi.o
LOAD ./Drivers/STM32H7xx_HAL_Driver/Src/stm32h7xx_hal_dma.o
LOAD ./Drivers/STM32H7xx_HAL_Driver/Src/stm32h7xx_hal_dma_ex.o
LOAD ./Drivers/STM32H7xx_HAL_Driver/Src/stm32h7xx_hal_exti.o
LOAD ./Drivers/STM32H7xx_HAL_Driver/Src/stm32h7xx_hal_flash.o
LOAD ./Drivers/STM32H7xx_HAL_Driver/Src/stm32h7xx_hal_flash_ex.o
LOAD ./Drivers/STM32H7xx_HAL_Driver/Src/stm32h7xx_hal_gpio.o
LOAD ./Drivers/STM32H7xx_HAL_Driver/Src/stm32h7xx_hal_hsem.o
LOAD ./Drivers/STM32H7xx_HAL_Driver/Src/stm32h7xx_hal_i2c.o
LOAD ./Drivers/STM32H7xx_HAL_Driver/Src/stm32h7xx_hal_i2c_ex.o
LOAD ./Drivers/STM32H7xx_HAL_Driver/Src/stm32h7xx_hal_mdma.o
LOAD ./Drivers/STM32H7xx_HAL_Driver/Src/stm32h7xx_hal_pwr.o
LOAD ./Drivers/STM32H7xx_HAL_Driver/Src/stm32h7xx_hal_pwr_ex.o
LOAD ./Drivers/STM32H7xx_HAL_Driver/Src/stm32h7xx_hal_rcc.o
LOAD ./Drivers/STM32H7xx_HAL_Driver/Src/stm32h7xx_hal_rcc_ex.o
LOAD ./Drivers/STM32H7xx_HAL_Driver/Src/stm32h7xx_hal_tim.o
LOAD ./Drivers/STM32H7xx_HAL_Driver/Src/stm32h7xx_hal_tim_ex.o
LOAD ./Drivers/STM32H7xx_HAL_Driver/Src/stm32h7xx_hal_uart.o
LOAD ./Drivers/STM32H7xx_HAL_Driver/Src/stm32h7xx_hal_uart_ex.o
START GROUP
LOAD C:/ST/STM32CubeIDE_1.15.1/STM32CubeIDE/plugins/com.st.stm32cube.ide.mcu.externaltools.gnu-tools-for-stm32.12.3.rel1.win32_1.0.200.202406191623/tools/bin/../lib/gcc/arm-none-eabi/12.3.1/../../../../arm-none-eabi/lib/thumb/v7e-m+dp/hard\libc_nano.a
LOAD C:/ST/STM32CubeIDE_1.15.1/STM32CubeIDE/plugins/com.st.stm32cube.ide.mcu.externaltools.gnu-tools-for-stm32.12.3.rel1.win32_1.0.200.202406191623/tools/bin/../lib/gcc/arm-none-eabi/12.3.1/../../../../arm-none-eabi/lib/thumb/v7e-m+dp/hard\libm.a
END GROUP
START GROUP
LOAD C:/ST/STM32CubeIDE_1.15.1/STM32CubeIDE/plugins/com.st.stm32cube.ide.mcu.externaltools.gnu-tools-for-stm32.12.3.rel1.win32_1.0.200.202406191623/tools/bin/../lib/gcc/arm-none-eabi/12.3.1/thumb/v7e-m+dp/hard\libgcc.a
LOAD C:/ST/STM32CubeIDE_1.15.1/STM32CubeIDE/plugins/com.st.stm32cube.ide.mcu.externaltools.gnu-tools-for-stm32.12.3.rel1.win32_1.0.200.202406191623/tools/bin/../lib/gcc/arm-none-eabi/12.3.1/../../../../arm-none-eabi/lib/thumb/v7e-m+dp/hard\libc_nano.a
END GROUP
START GROUP
LOAD C:/ST/STM32CubeIDE_1.15.1/STM32CubeIDE/plugins/com.st.stm32cube.ide.mcu.externaltools.gnu-tools-for-stm32.12.3.rel1.win32_1.0.200.202406191623/tools/bin/../lib/gcc/arm-none-eabi/12.3.1/thumb/v7e-m+dp/hard\libgcc.a
LOAD C:/ST/STM32CubeIDE_1.15.1/STM32CubeIDE/plugins/com.st.stm32cube.ide.mcu.externaltools.gnu-tools-for-stm32.12.3.rel1.win32_1.0.200.202406191623/tools/bin/../lib/gcc/arm-none-eabi/12.3.1/../../../../arm-none-eabi/lib/thumb/v7e-m+dp/hard\libc_nano.a
LOAD C:/ST/STM32CubeIDE_1.15.1/STM32CubeIDE/plugins/com.st.stm32cube.ide.mcu.externaltools.gnu-tools-for-stm32.12.3.rel1.win32_1.0.200.202406191623/tools/bin/../lib/gcc/arm-none-eabi/12.3.1/../../../../arm-none-eabi/lib/thumb/v7e-m+dp/hard\libnosys.a
END GROUP
START GROUP
LOAD C:/ST/STM32CubeIDE_1.15.1/STM32CubeIDE/plugins/com.st.stm32cube.ide.mcu.externaltools.gnu-tools-for-stm32.12.3.rel1.win32_1.0.200.202406191623/tools/bin/../lib/gcc/arm-none-eabi/12.3.1/thumb/v7e-m+dp/hard\libgcc.a
LOAD C:/ST/STM32CubeIDE_1.15.1/STM32CubeIDE/plugins/com.st.stm32cube.ide.mcu.externaltools.gnu-tools-for-stm32.12.3.rel1.win32_1.0.200.202406191623/tools/bin/../lib/gcc/arm-none-eabi/12.3.1/../../../../arm-none-eabi/lib/thumb/v7e-m+dp/hard\libc_nano.a
LOAD C:/ST/STM32CubeIDE_1.15.1/STM32CubeIDE/plugins/com.st.stm32cube.ide.mcu.externaltools.gnu-tools-for-stm32.12.3.rel1.win32_1.0.200.202406191623/tools/bin/../lib/gcc/arm-none-eabi/12.3.1/../../../../arm-none-eabi/lib/thumb/v7e-m+dp/hard\libnosys.a
END GROUP
LOAD C:/ST/STM32CubeIDE_1.15.1/STM32CubeIDE/plugins/com.st.stm32cube.ide.mcu.externaltools.gnu-tools-for-stm32.12.3.rel1.win32_1.0.200.202406191623/tools/bin/../lib/gcc/arm-none-eabi/12.3.1/thumb/v7e-m+dp/hard/crtend.o
LOAD C:/ST/STM32CubeIDE_1.15.1/STM32CubeIDE/plugins/com.st.stm32cube.ide.mcu.externaltools.gnu-tools-for-stm32.12.3.rel1.win32_1.0.200.202406191623/tools/bin/../lib/gcc/arm-none-eabi/12.3.1/thumb/v7e-m+dp/hard/crtn.o
                0x24080000                        _estack = (ORIGIN (RAM_D1) + LENGTH (RAM_D1))
                0x00000200                        _Min_Heap_Size = 0x200
                0x00000400                        _Min_Stack_Size = 0x400

.isr_vector     0x08000000      0x298
                0x08000000                        . = ALIGN (0x4)
 *(.isr_vector)
 .isr_vector    0x08000000      0x298 ./Core/Startup/startup_stm32h750vbtx.o
                0x08000000                g_pfnVectors
                0x08000298                        . = ALIGN (0x4)

.text           0x08000298     0x9e28
                0x08000298                        . = ALIGN (0x4)
 *(.text)
 .text          0x08000298       0x40 C:/ST/STM32CubeIDE_1.15.1/STM32CubeIDE/plugins/com.st.stm32cube.ide.mcu.externaltools.gnu-tools-for-stm32.12.3.rel1.win32_1.0.200.202406191623/tools/bin/../lib/gcc/arm-none-eabi/12.3.1/thumb/v7e-m+dp/hard/crtbegin.o
 .text          0x080002d8       0x30 C:/ST/STM32CubeIDE_1.15.1/STM32CubeIDE/plugins/com.st.stm32cube.ide.mcu.externaltools.gnu-tools-for-stm32.12.3.rel1.win32_1.0.200.202406191623/tools/bin/../lib/gcc/arm-none-eabi/12.3.1/thumb/v7e-m+dp/hard\libgcc.a(_aeabi_uldivmod.o)
                0x080002d8                __aeabi_uldivmod
 .text          0x08000308      0x2bc C:/ST/STM32CubeIDE_1.15.1/STM32CubeIDE/plugins/com.st.stm32cube.ide.mcu.externaltools.gnu-tools-for-stm32.12.3.rel1.win32_1.0.200.202406191623/tools/bin/../lib/gcc/arm-none-eabi/12.3.1/thumb/v7e-m+dp/hard\libgcc.a(_udivmoddi4.o)
                0x08000308                __udivmoddi4
 .text          0x080005c4        0x4 C:/ST/STM32CubeIDE_1.15.1/STM32CubeIDE/plugins/com.st.stm32cube.ide.mcu.externaltools.gnu-tools-for-stm32.12.3.rel1.win32_1.0.200.202406191623/tools/bin/../lib/gcc/arm-none-eabi/12.3.1/thumb/v7e-m+dp/hard\libgcc.a(_dvmd_tls.o)
                0x080005c4                __aeabi_idiv0
                0x080005c4                __aeabi_ldiv0
 *(.text*)
 .text.main     0x080005c8       0x84 ./Core/Src/main.o
                0x080005c8                main
 .text.SystemClock_Config
                0x0800064c       0xf8 ./Core/Src/main.o
                0x0800064c                SystemClock_Config
 .text.MX_DCMI_Init
                0x08000744       0x68 ./Core/Src/main.o
 .text.MX_USART1_UART_Init
                0x080007ac       0x98 ./Core/Src/main.o
 .text.MX_DMA_Init
                0x08000844       0x50 ./Core/Src/main.o
 .text.MX_GPIO_Init
                0x08000894      0x110 ./Core/Src/main.o
 .text.HAL_DCMI_FrameEventCallback
                0x080009a4       0x28 ./Core/Src/main.o
                0x080009a4                HAL_DCMI_FrameEventCallback
 .text.MPU_Config
                0x080009cc       0x58 ./Core/Src/main.o
 .text.Error_Handler
                0x08000a24        0xc ./Core/Src/main.o
                0x08000a24                Error_Handler
 .text.HAL_MspInit
                0x08000a30       0x34 ./Core/Src/stm32h7xx_hal_msp.o
                0x08000a30                HAL_MspInit
 .text.HAL_DCMI_MspInit
                0x08000a64      0x228 ./Core/Src/stm32h7xx_hal_msp.o
                0x08000a64                HAL_DCMI_MspInit
 .text.HAL_UART_MspInit
                0x08000c8c      0x144 ./Core/Src/stm32h7xx_hal_msp.o
                0x08000c8c                HAL_UART_MspInit
 .text.NMI_Handler
                0x08000dd0        0x8 ./Core/Src/stm32h7xx_it.o
                0x08000dd0                NMI_Handler
 .text.HardFault_Handler
                0x08000dd8        0x8 ./Core/Src/stm32h7xx_it.o
                0x08000dd8                HardFault_Handler
 .text.MemManage_Handler
                0x08000de0        0x8 ./Core/Src/stm32h7xx_it.o
                0x08000de0                MemManage_Handler
 .text.BusFault_Handler
                0x08000de8        0x8 ./Core/Src/stm32h7xx_it.o
                0x08000de8                BusFault_Handler
 .text.UsageFault_Handler
                0x08000df0        0x8 ./Core/Src/stm32h7xx_it.o
                0x08000df0                UsageFault_Handler
 .text.SVC_Handler
                0x08000df8        0xe ./Core/Src/stm32h7xx_it.o
                0x08000df8                SVC_Handler
 .text.DebugMon_Handler
                0x08000e06        0xe ./Core/Src/stm32h7xx_it.o
                0x08000e06                DebugMon_Handler
 .text.PendSV_Handler
                0x08000e14        0xe ./Core/Src/stm32h7xx_it.o
                0x08000e14                PendSV_Handler
 .text.SysTick_Handler
                0x08000e22        0xc ./Core/Src/stm32h7xx_it.o
                0x08000e22                SysTick_Handler
 *fill*         0x08000e2e        0x2 
 .text.DMA1_Stream0_IRQHandler
                0x08000e30       0x14 ./Core/Src/stm32h7xx_it.o
                0x08000e30                DMA1_Stream0_IRQHandler
 .text.DMA1_Stream1_IRQHandler
                0x08000e44       0x14 ./Core/Src/stm32h7xx_it.o
                0x08000e44                DMA1_Stream1_IRQHandler
 .text.USART1_IRQHandler
                0x08000e58       0x14 ./Core/Src/stm32h7xx_it.o
                0x08000e58                USART1_IRQHandler
 .text.DCMI_IRQHandler
                0x08000e6c       0x14 ./Core/Src/stm32h7xx_it.o
                0x08000e6c                DCMI_IRQHandler
 .text.SystemInit
                0x08000e80      0x110 ./Core/Src/system_stm32h7xx.o
                0x08000e80                SystemInit
 .text.Reset_Handler
                0x08000f90       0x50 ./Core/Startup/startup_stm32h750vbtx.o
                0x08000f90                Reset_Handler
 .text.Default_Handler
                0x08000fe0        0x2 ./Core/Startup/startup_stm32h750vbtx.o
                0x08000fe0                RTC_Alarm_IRQHandler
                0x08000fe0                HASH_RNG_IRQHandler
                0x08000fe0                EXTI2_IRQHandler
                0x08000fe0                TIM8_CC_IRQHandler
                0x08000fe0                HRTIM1_Master_IRQHandler
                0x08000fe0                UART8_IRQHandler
                0x08000fe0                SPI4_IRQHandler
                0x08000fe0                TIM1_CC_IRQHandler
                0x08000fe0                BDMA_Channel6_IRQHandler
                0x08000fe0                DMA2_Stream5_IRQHandler
                0x08000fe0                HRTIM1_FLT_IRQHandler
                0x08000fe0                JPEG_IRQHandler
                0x08000fe0                DMA1_Stream5_IRQHandler
                0x08000fe0                BDMA_Channel1_IRQHandler
                0x08000fe0                HRTIM1_TIMD_IRQHandler
                0x08000fe0                TAMP_STAMP_IRQHandler
                0x08000fe0                EXTI3_IRQHandler
                0x08000fe0                LPTIM4_IRQHandler
                0x08000fe0                TIM8_TRG_COM_TIM14_IRQHandler
                0x08000fe0                LPTIM2_IRQHandler
                0x08000fe0                DFSDM1_FLT1_IRQHandler
                0x08000fe0                DMAMUX2_OVR_IRQHandler
                0x08000fe0                TIM8_UP_TIM13_IRQHandler
                0x08000fe0                I2C3_ER_IRQHandler
                0x08000fe0                DFSDM1_FLT2_IRQHandler
                0x08000fe0                MDMA_IRQHandler
                0x08000fe0                LPTIM3_IRQHandler
                0x08000fe0                HSEM1_IRQHandler
                0x08000fe0                EXTI0_IRQHandler
                0x08000fe0                I2C2_EV_IRQHandler
                0x08000fe0                DMA1_Stream2_IRQHandler
                0x08000fe0                FPU_IRQHandler
                0x08000fe0                OTG_HS_WKUP_IRQHandler
                0x08000fe0                FDCAN1_IT1_IRQHandler
                0x08000fe0                LTDC_ER_IRQHandler
                0x08000fe0                DMA2_Stream2_IRQHandler
                0x08000fe0                HRTIM1_TIME_IRQHandler
                0x08000fe0                SPI1_IRQHandler
                0x08000fe0                TIM6_DAC_IRQHandler
                0x08000fe0                HRTIM1_TIMC_IRQHandler
                0x08000fe0                DMA2_Stream3_IRQHandler
                0x08000fe0                SAI2_IRQHandler
                0x08000fe0                DFSDM1_FLT3_IRQHandler
                0x08000fe0                USART6_IRQHandler
                0x08000fe0                TIM17_IRQHandler
                0x08000fe0                USART3_IRQHandler
                0x08000fe0                BDMA_Channel7_IRQHandler
                0x08000fe0                CRYP_IRQHandler
                0x08000fe0                LPTIM5_IRQHandler
                0x08000fe0                UART5_IRQHandler
                0x08000fe0                ADC3_IRQHandler
                0x08000fe0                DMA2_Stream0_IRQHandler
                0x08000fe0                TIM4_IRQHandler
                0x08000fe0                BDMA_Channel2_IRQHandler
                0x08000fe0                QUADSPI_IRQHandler
                0x08000fe0                I2C1_EV_IRQHandler
                0x08000fe0                DMA1_Stream6_IRQHandler
                0x08000fe0                DMAMUX1_OVR_IRQHandler
                0x08000fe0                TIM16_IRQHandler
                0x08000fe0                UART4_IRQHandler
                0x08000fe0                BDMA_Channel5_IRQHandler
                0x08000fe0                TIM3_IRQHandler
                0x08000fe0                RCC_IRQHandler
                0x08000fe0                TIM8_BRK_TIM12_IRQHandler
                0x08000fe0                TIM1_TRG_COM_IRQHandler
                0x08000fe0                Default_Handler
                0x08000fe0                ECC_IRQHandler
                0x08000fe0                CEC_IRQHandler
                0x08000fe0                EXTI15_10_IRQHandler
                0x08000fe0                BDMA_Channel0_IRQHandler
                0x08000fe0                ADC_IRQHandler
                0x08000fe0                DMA1_Stream7_IRQHandler
                0x08000fe0                HRTIM1_TIMA_IRQHandler
                0x08000fe0                SPI5_IRQHandler
                0x08000fe0                TIM7_IRQHandler
                0x08000fe0                SDMMC1_IRQHandler
                0x08000fe0                TIM5_IRQHandler
                0x08000fe0                DMA2_Stream7_IRQHandler
                0x08000fe0                TIM15_IRQHandler
                0x08000fe0                PVD_AVD_IRQHandler
                0x08000fe0                I2C3_EV_IRQHandler
                0x08000fe0                EXTI9_5_IRQHandler
                0x08000fe0                RTC_WKUP_IRQHandler
                0x08000fe0                LTDC_IRQHandler
                0x08000fe0                SAI3_IRQHandler
                0x08000fe0                ETH_WKUP_IRQHandler
                0x08000fe0                SPDIF_RX_IRQHandler
                0x08000fe0                SPI2_IRQHandler
                0x08000fe0                OTG_HS_EP1_IN_IRQHandler
                0x08000fe0                CRS_IRQHandler
                0x08000fe0                EXTI4_IRQHandler
                0x08000fe0                HRTIM1_TIMB_IRQHandler
                0x08000fe0                FDCAN2_IT1_IRQHandler
                0x08000fe0                ETH_IRQHandler
                0x08000fe0                TIM1_UP_IRQHandler
                0x08000fe0                BDMA_Channel4_IRQHandler
                0x08000fe0                OTG_HS_EP1_OUT_IRQHandler
                0x08000fe0                WWDG_IRQHandler
                0x08000fe0                SPI6_IRQHandler
                0x08000fe0                MDIOS_IRQHandler
                0x08000fe0                I2C4_EV_IRQHandler
                0x08000fe0                FDCAN2_IT0_IRQHandler
                0x08000fe0                LPUART1_IRQHandler
                0x08000fe0                FDCAN1_IT0_IRQHandler
                0x08000fe0                TIM2_IRQHandler
                0x08000fe0                OTG_FS_WKUP_IRQHandler
                0x08000fe0                OTG_HS_IRQHandler
                0x08000fe0                DMA2D_IRQHandler
                0x08000fe0                TIM1_BRK_IRQHandler
                0x08000fe0                EXTI1_IRQHandler
                0x08000fe0                SDMMC2_IRQHandler
                0x08000fe0                OTG_FS_EP1_OUT_IRQHandler
                0x08000fe0                BDMA_Channel3_IRQHandler
                0x08000fe0                UART7_IRQHandler
                0x08000fe0                MDIOS_WKUP_IRQHandler
                0x08000fe0                USART2_IRQHandler
                0x08000fe0                DFSDM1_FLT0_IRQHandler
                0x08000fe0                SAI4_IRQHandler
                0x08000fe0                I2C2_ER_IRQHandler
                0x08000fe0                DMA2_Stream1_IRQHandler
                0x08000fe0                FLASH_IRQHandler
                0x08000fe0                DMA2_Stream4_IRQHandler
                0x08000fe0                OTG_FS_IRQHandler
                0x08000fe0                SPI3_IRQHandler
                0x08000fe0                WAKEUP_PIN_IRQHandler
                0x08000fe0                DMA1_Stream4_IRQHandler
                0x08000fe0                OTG_FS_EP1_IN_IRQHandler
                0x08000fe0                I2C1_ER_IRQHandler
                0x08000fe0                FMC_IRQHandler
                0x08000fe0                FDCAN_CAL_IRQHandler
                0x08000fe0                SWPMI1_IRQHandler
                0x08000fe0                COMP1_IRQHandler
                0x08000fe0                LPTIM1_IRQHandler
                0x08000fe0                I2C4_ER_IRQHandler
                0x08000fe0                DMA2_Stream6_IRQHandler
                0x08000fe0                SAI1_IRQHandler
                0x08000fe0                DMA1_Stream3_IRQHandler
 *fill*         0x08000fe2        0x2 
 .text.Delay_us
                0x08000fe4       0x58 ./Drivers/DSP/Common/systick/systick.o
                0x08000fe4                Delay_us
 .text.Delay_ms
                0x0800103c       0x2a ./Drivers/DSP/Common/systick/systick.o
                0x0800103c                Delay_ms
 *fill*         0x08001066        0x2 
 .text.OV2640_HW_Reset
                0x08001068       0x2c ./Drivers/DSP/Components/ov2640/ov2640.o
                0x08001068                OV2640_HW_Reset
 .text.OV2640_SetPowerDownMode
                0x08001094       0x34 ./Drivers/DSP/Components/ov2640/ov2640.o
                0x08001094                OV2640_SetPowerDownMode
 .text.OV2640_InitConfig
                0x080010c8       0x48 ./Drivers/DSP/Components/ov2640/ov2640.o
                0x080010c8                OV2640_InitConfig
 .text.OV2640_SetOutputJPEG
                0x08001110       0x7c ./Drivers/DSP/Components/ov2640/ov2640.o
                0x08001110                OV2640_SetOutputJPEG
 .text.OV2640_Init
                0x0800118c       0x1a ./Drivers/DSP/Components/ov2640/ov2640.o
                0x0800118c                OV2640_Init
 *fill*         0x080011a6        0x2 
 .text.SIO_D_SetInput
                0x080011a8       0x3c ./Drivers/DSP/Components/ov2640/sccb.o
                0x080011a8                SIO_D_SetInput
 .text.SIO_D_SetOutput
                0x080011e4       0x3c ./Drivers/DSP/Components/ov2640/sccb.o
                0x080011e4                SIO_D_SetOutput
 .text.SWSCCB_Start
                0x08001220       0x50 ./Drivers/DSP/Components/ov2640/sccb.o
                0x08001220                SWSCCB_Start
 .text.SWSCCB_Stop
                0x08001270       0x44 ./Drivers/DSP/Components/ov2640/sccb.o
                0x08001270                SWSCCB_Stop
 .text.SWSCCB_WriteByte
                0x080012b4       0xbc ./Drivers/DSP/Components/ov2640/sccb.o
                0x080012b4                SWSCCB_WriteByte
 .text.SWSCCB_WriteReg
                0x08001370       0x3a ./Drivers/DSP/Components/ov2640/sccb.o
                0x08001370                SWSCCB_WriteReg
 *fill*         0x080013aa        0x2 
 .text.HAL_Init
                0x080013ac       0x78 ./Drivers/STM32H7xx_HAL_Driver/Src/stm32h7xx_hal.o
                0x080013ac                HAL_Init
 .text.HAL_InitTick
                0x08001424       0x6c ./Drivers/STM32H7xx_HAL_Driver/Src/stm32h7xx_hal.o
                0x08001424                HAL_InitTick
 .text.HAL_IncTick
                0x08001490       0x28 ./Drivers/STM32H7xx_HAL_Driver/Src/stm32h7xx_hal.o
                0x08001490                HAL_IncTick
 .text.HAL_GetTick
                0x080014b8       0x18 ./Drivers/STM32H7xx_HAL_Driver/Src/stm32h7xx_hal.o
                0x080014b8                HAL_GetTick
 .text.HAL_GetREVID
                0x080014d0       0x18 ./Drivers/STM32H7xx_HAL_Driver/Src/stm32h7xx_hal.o
                0x080014d0                HAL_GetREVID
 .text.__NVIC_SetPriorityGrouping
                0x080014e8       0x48 ./Drivers/STM32H7xx_HAL_Driver/Src/stm32h7xx_hal_cortex.o
 .text.__NVIC_GetPriorityGrouping
                0x08001530       0x1c ./Drivers/STM32H7xx_HAL_Driver/Src/stm32h7xx_hal_cortex.o
 .text.__NVIC_EnableIRQ
                0x0800154c       0x3c ./Drivers/STM32H7xx_HAL_Driver/Src/stm32h7xx_hal_cortex.o
 .text.__NVIC_SetPriority
                0x08001588       0x54 ./Drivers/STM32H7xx_HAL_Driver/Src/stm32h7xx_hal_cortex.o
 .text.NVIC_EncodePriority
                0x080015dc       0x66 ./Drivers/STM32H7xx_HAL_Driver/Src/stm32h7xx_hal_cortex.o
 *fill*         0x08001642        0x2 
 .text.SysTick_Config
                0x08001644       0x44 ./Drivers/STM32H7xx_HAL_Driver/Src/stm32h7xx_hal_cortex.o
 .text.HAL_NVIC_SetPriorityGrouping
                0x08001688       0x16 ./Drivers/STM32H7xx_HAL_Driver/Src/stm32h7xx_hal_cortex.o
                0x08001688                HAL_NVIC_SetPriorityGrouping
 .text.HAL_NVIC_SetPriority
                0x0800169e       0x34 ./Drivers/STM32H7xx_HAL_Driver/Src/stm32h7xx_hal_cortex.o
                0x0800169e                HAL_NVIC_SetPriority
 .text.HAL_NVIC_EnableIRQ
                0x080016d2       0x1c ./Drivers/STM32H7xx_HAL_Driver/Src/stm32h7xx_hal_cortex.o
                0x080016d2                HAL_NVIC_EnableIRQ
 .text.HAL_SYSTICK_Config
                0x080016ee       0x18 ./Drivers/STM32H7xx_HAL_Driver/Src/stm32h7xx_hal_cortex.o
                0x080016ee                HAL_SYSTICK_Config
 *fill*         0x08001706        0x2 
 .text.HAL_MPU_Disable
                0x08001708       0x30 ./Drivers/STM32H7xx_HAL_Driver/Src/stm32h7xx_hal_cortex.o
                0x08001708                HAL_MPU_Disable
 .text.HAL_MPU_Enable
                0x08001738       0x40 ./Drivers/STM32H7xx_HAL_Driver/Src/stm32h7xx_hal_cortex.o
                0x08001738                HAL_MPU_Enable
 .text.HAL_MPU_ConfigRegion
                0x08001778       0x80 ./Drivers/STM32H7xx_HAL_Driver/Src/stm32h7xx_hal_cortex.o
                0x08001778                HAL_MPU_ConfigRegion
 .text.HAL_DCMI_Init
                0x080017f8       0xf4 ./Drivers/STM32H7xx_HAL_Driver/Src/stm32h7xx_hal_dcmi.o
                0x080017f8                HAL_DCMI_Init
 .text.HAL_DCMI_Start_DMA
                0x080018ec      0x184 ./Drivers/STM32H7xx_HAL_Driver/Src/stm32h7xx_hal_dcmi.o
                0x080018ec                HAL_DCMI_Start_DMA
 .text.HAL_DCMI_IRQHandler
                0x08001a70      0x104 ./Drivers/STM32H7xx_HAL_Driver/Src/stm32h7xx_hal_dcmi.o
                0x08001a70                HAL_DCMI_IRQHandler
 .text.HAL_DCMI_ErrorCallback
                0x08001b74       0x14 ./Drivers/STM32H7xx_HAL_Driver/Src/stm32h7xx_hal_dcmi.o
                0x08001b74                HAL_DCMI_ErrorCallback
 .text.HAL_DCMI_LineEventCallback
                0x08001b88       0x14 ./Drivers/STM32H7xx_HAL_Driver/Src/stm32h7xx_hal_dcmi.o
                0x08001b88                HAL_DCMI_LineEventCallback
 .text.HAL_DCMI_VsyncEventCallback
                0x08001b9c       0x14 ./Drivers/STM32H7xx_HAL_Driver/Src/stm32h7xx_hal_dcmi.o
                0x08001b9c                HAL_DCMI_VsyncEventCallback
 .text.DCMI_DMAXferCplt
                0x08001bb0      0x126 ./Drivers/STM32H7xx_HAL_Driver/Src/stm32h7xx_hal_dcmi.o
 .text.DCMI_DMAError
                0x08001cd6       0x3a ./Drivers/STM32H7xx_HAL_Driver/Src/stm32h7xx_hal_dcmi.o
 .text.HAL_DMA_Init
                0x08001d10      0x6b8 ./Drivers/STM32H7xx_HAL_Driver/Src/stm32h7xx_hal_dma.o
                0x08001d10                HAL_DMA_Init
 .text.HAL_DMA_Start_IT
                0x080023c8      0x4d4 ./Drivers/STM32H7xx_HAL_Driver/Src/stm32h7xx_hal_dma.o
                0x080023c8                HAL_DMA_Start_IT
 .text.HAL_DMA_Abort
                0x0800289c      0x63c ./Drivers/STM32H7xx_HAL_Driver/Src/stm32h7xx_hal_dma.o
                0x0800289c                HAL_DMA_Abort
 .text.HAL_DMA_Abort_IT
                0x08002ed8      0x48c ./Drivers/STM32H7xx_HAL_Driver/Src/stm32h7xx_hal_dma.o
                0x08002ed8                HAL_DMA_Abort_IT
 .text.HAL_DMA_IRQHandler
                0x08003364      0xe54 ./Drivers/STM32H7xx_HAL_Driver/Src/stm32h7xx_hal_dma.o
                0x08003364                HAL_DMA_IRQHandler
 .text.DMA_SetConfig
                0x080041b8      0x358 ./Drivers/STM32H7xx_HAL_Driver/Src/stm32h7xx_hal_dma.o
 .text.DMA_CalcBaseAndBitshift
                0x08004510      0x164 ./Drivers/STM32H7xx_HAL_Driver/Src/stm32h7xx_hal_dma.o
 .text.DMA_CheckFifoParam
                0x08004674       0xf8 ./Drivers/STM32H7xx_HAL_Driver/Src/stm32h7xx_hal_dma.o
 .text.DMA_CalcDMAMUXChannelBaseAndMask
                0x0800476c      0x134 ./Drivers/STM32H7xx_HAL_Driver/Src/stm32h7xx_hal_dma.o
 .text.DMA_CalcDMAMUXRequestGenBaseAndMask
                0x080048a0       0xe8 ./Drivers/STM32H7xx_HAL_Driver/Src/stm32h7xx_hal_dma.o
 .text.HAL_DMAEx_MultiBufferStart_IT
                0x08004988      0x6bc ./Drivers/STM32H7xx_HAL_Driver/Src/stm32h7xx_hal_dma_ex.o
                0x08004988                HAL_DMAEx_MultiBufferStart_IT
 .text.HAL_DMAEx_ChangeMemory
                0x08005044      0x138 ./Drivers/STM32H7xx_HAL_Driver/Src/stm32h7xx_hal_dma_ex.o
                0x08005044                HAL_DMAEx_ChangeMemory
 .text.DMA_MultiBufferSetConfig
                0x0800517c      0x16c ./Drivers/STM32H7xx_HAL_Driver/Src/stm32h7xx_hal_dma_ex.o
 .text.HAL_GPIO_Init
                0x080052e8      0x360 ./Drivers/STM32H7xx_HAL_Driver/Src/stm32h7xx_hal_gpio.o
                0x080052e8                HAL_GPIO_Init
 .text.HAL_GPIO_ReadPin
                0x08005648       0x30 ./Drivers/STM32H7xx_HAL_Driver/Src/stm32h7xx_hal_gpio.o
                0x08005648                HAL_GPIO_ReadPin
 .text.HAL_GPIO_WritePin
                0x08005678       0x32 ./Drivers/STM32H7xx_HAL_Driver/Src/stm32h7xx_hal_gpio.o
                0x08005678                HAL_GPIO_WritePin
 *fill*         0x080056aa        0x2 
 .text.HAL_PWREx_ConfigSupply
                0x080056ac       0x74 ./Drivers/STM32H7xx_HAL_Driver/Src/stm32h7xx_hal_pwr_ex.o
                0x080056ac                HAL_PWREx_ConfigSupply
 .text.HAL_RCC_OscConfig
                0x08005720      0x8b4 ./Drivers/STM32H7xx_HAL_Driver/Src/stm32h7xx_hal_rcc.o
                0x08005720                HAL_RCC_OscConfig
 .text.HAL_RCC_ClockConfig
                0x08005fd4      0x36c ./Drivers/STM32H7xx_HAL_Driver/Src/stm32h7xx_hal_rcc.o
                0x08005fd4                HAL_RCC_ClockConfig
 .text.HAL_RCC_GetSysClockFreq
                0x08006340      0x2f4 ./Drivers/STM32H7xx_HAL_Driver/Src/stm32h7xx_hal_rcc.o
                0x08006340                HAL_RCC_GetSysClockFreq
 .text.HAL_RCC_GetHCLKFreq
                0x08006634       0x60 ./Drivers/STM32H7xx_HAL_Driver/Src/stm32h7xx_hal_rcc.o
                0x08006634                HAL_RCC_GetHCLKFreq
 .text.HAL_RCC_GetPCLK1Freq
                0x08006694       0x2c ./Drivers/STM32H7xx_HAL_Driver/Src/stm32h7xx_hal_rcc.o
                0x08006694                HAL_RCC_GetPCLK1Freq
 .text.HAL_RCC_GetPCLK2Freq
                0x080066c0       0x2c ./Drivers/STM32H7xx_HAL_Driver/Src/stm32h7xx_hal_rcc.o
                0x080066c0                HAL_RCC_GetPCLK2Freq
 .text.HAL_RCCEx_PeriphCLKConfig
                0x080066ec     0x1414 ./Drivers/STM32H7xx_HAL_Driver/Src/stm32h7xx_hal_rcc_ex.o
                0x080066ec                HAL_RCCEx_PeriphCLKConfig
 .text.HAL_RCCEx_GetD3PCLK1Freq
                0x08007b00       0x2c ./Drivers/STM32H7xx_HAL_Driver/Src/stm32h7xx_hal_rcc_ex.o
                0x08007b00                HAL_RCCEx_GetD3PCLK1Freq
 .text.HAL_RCCEx_GetPLL2ClockFreq
                0x08007b2c      0x2a8 ./Drivers/STM32H7xx_HAL_Driver/Src/stm32h7xx_hal_rcc_ex.o
                0x08007b2c                HAL_RCCEx_GetPLL2ClockFreq
 .text.HAL_RCCEx_GetPLL3ClockFreq
                0x08007dd4      0x2a8 ./Drivers/STM32H7xx_HAL_Driver/Src/stm32h7xx_hal_rcc_ex.o
                0x08007dd4                HAL_RCCEx_GetPLL3ClockFreq
 .text.RCCEx_PLL2_Config
                0x0800807c      0x164 ./Drivers/STM32H7xx_HAL_Driver/Src/stm32h7xx_hal_rcc_ex.o
 .text.RCCEx_PLL3_Config
                0x080081e0      0x164 ./Drivers/STM32H7xx_HAL_Driver/Src/stm32h7xx_hal_rcc_ex.o
 .text.HAL_UART_Init
                0x08008344       0xa0 ./Drivers/STM32H7xx_HAL_Driver/Src/stm32h7xx_hal_uart.o
                0x08008344                HAL_UART_Init
 .text.HAL_UART_Transmit_DMA
                0x080083e4      0x100 ./Drivers/STM32H7xx_HAL_Driver/Src/stm32h7xx_hal_uart.o
                0x080083e4                HAL_UART_Transmit_DMA
 .text.HAL_UART_IRQHandler
                0x080084e4      0x774 ./Drivers/STM32H7xx_HAL_Driver/Src/stm32h7xx_hal_uart.o
                0x080084e4                HAL_UART_IRQHandler
 .text.HAL_UART_TxCpltCallback
                0x08008c58       0x14 ./Drivers/STM32H7xx_HAL_Driver/Src/stm32h7xx_hal_uart.o
                0x08008c58                HAL_UART_TxCpltCallback
 .text.HAL_UART_TxHalfCpltCallback
                0x08008c6c       0x14 ./Drivers/STM32H7xx_HAL_Driver/Src/stm32h7xx_hal_uart.o
                0x08008c6c                HAL_UART_TxHalfCpltCallback
 .text.HAL_UART_ErrorCallback
                0x08008c80       0x14 ./Drivers/STM32H7xx_HAL_Driver/Src/stm32h7xx_hal_uart.o
                0x08008c80                HAL_UART_ErrorCallback
 .text.HAL_UARTEx_RxEventCallback
                0x08008c94       0x18 ./Drivers/STM32H7xx_HAL_Driver/Src/stm32h7xx_hal_uart.o
                0x08008c94                HAL_UARTEx_RxEventCallback
 .text.UART_SetConfig
                0x08008cac      0xad0 ./Drivers/STM32H7xx_HAL_Driver/Src/stm32h7xx_hal_uart.o
                0x08008cac                UART_SetConfig
 .text.UART_AdvFeatureConfig
                0x0800977c      0x144 ./Drivers/STM32H7xx_HAL_Driver/Src/stm32h7xx_hal_uart.o
                0x0800977c                UART_AdvFeatureConfig
 .text.UART_CheckIdleState
                0x080098c0      0x154 ./Drivers/STM32H7xx_HAL_Driver/Src/stm32h7xx_hal_uart.o
                0x080098c0                UART_CheckIdleState
 .text.UART_WaitOnFlagUntilTimeout
                0x08009a14       0xda ./Drivers/STM32H7xx_HAL_Driver/Src/stm32h7xx_hal_uart.o
                0x08009a14                UART_WaitOnFlagUntilTimeout
 .text.UART_EndTxTransfer
                0x08009aee       0x82 ./Drivers/STM32H7xx_HAL_Driver/Src/stm32h7xx_hal_uart.o
 .text.UART_EndRxTransfer
                0x08009b70       0xcc ./Drivers/STM32H7xx_HAL_Driver/Src/stm32h7xx_hal_uart.o
 .text.UART_DMATransmitCplt
                0x08009c3c       0x96 ./Drivers/STM32H7xx_HAL_Driver/Src/stm32h7xx_hal_uart.o
 .text.UART_DMATxHalfCplt
                0x08009cd2       0x1c ./Drivers/STM32H7xx_HAL_Driver/Src/stm32h7xx_hal_uart.o
 .text.UART_DMAError
                0x08009cee       0x80 ./Drivers/STM32H7xx_HAL_Driver/Src/stm32h7xx_hal_uart.o
 .text.UART_DMAAbortOnError
                0x08009d6e       0x2c ./Drivers/STM32H7xx_HAL_Driver/Src/stm32h7xx_hal_uart.o
 .text.UART_EndTransmit_IT
                0x08009d9a       0x56 ./Drivers/STM32H7xx_HAL_Driver/Src/stm32h7xx_hal_uart.o
 .text.HAL_UARTEx_WakeupCallback
                0x08009df0       0x14 ./Drivers/STM32H7xx_HAL_Driver/Src/stm32h7xx_hal_uart_ex.o
                0x08009df0                HAL_UARTEx_WakeupCallback
 .text.HAL_UARTEx_RxFifoFullCallback
                0x08009e04       0x14 ./Drivers/STM32H7xx_HAL_Driver/Src/stm32h7xx_hal_uart_ex.o
                0x08009e04                HAL_UARTEx_RxFifoFullCallback
 .text.HAL_UARTEx_TxFifoEmptyCallback
                0x08009e18       0x14 ./Drivers/STM32H7xx_HAL_Driver/Src/stm32h7xx_hal_uart_ex.o
                0x08009e18                HAL_UARTEx_TxFifoEmptyCallback
 .text.HAL_UARTEx_DisableFifoMode
                0x08009e2c       0x72 ./Drivers/STM32H7xx_HAL_Driver/Src/stm32h7xx_hal_uart_ex.o
                0x08009e2c                HAL_UARTEx_DisableFifoMode
 .text.HAL_UARTEx_SetTxFifoThreshold
                0x08009e9e       0x7c ./Drivers/STM32H7xx_HAL_Driver/Src/stm32h7xx_hal_uart_ex.o
                0x08009e9e                HAL_UARTEx_SetTxFifoThreshold
 .text.HAL_UARTEx_SetRxFifoThreshold
                0x08009f1a       0x7c ./Drivers/STM32H7xx_HAL_Driver/Src/stm32h7xx_hal_uart_ex.o
                0x08009f1a                HAL_UARTEx_SetRxFifoThreshold
 *fill*         0x08009f96        0x2 
 .text.UARTEx_SetNbDataToProcess
                0x08009f98       0x9c ./Drivers/STM32H7xx_HAL_Driver/Src/stm32h7xx_hal_uart_ex.o
 .text.memset   0x0800a034       0x10 C:/ST/STM32CubeIDE_1.15.1/STM32CubeIDE/plugins/com.st.stm32cube.ide.mcu.externaltools.gnu-tools-for-stm32.12.3.rel1.win32_1.0.200.202406191623/tools/bin/../lib/gcc/arm-none-eabi/12.3.1/../../../../arm-none-eabi/lib/thumb/v7e-m+dp/hard\libc_nano.a(libc_a-memset.o)
                0x0800a034                memset
 .text.__libc_init_array
                0x0800a044       0x48 C:/ST/STM32CubeIDE_1.15.1/STM32CubeIDE/plugins/com.st.stm32cube.ide.mcu.externaltools.gnu-tools-for-stm32.12.3.rel1.win32_1.0.200.202406191623/tools/bin/../lib/gcc/arm-none-eabi/12.3.1/../../../../arm-none-eabi/lib/thumb/v7e-m+dp/hard\libc_nano.a(libc_a-init.o)
                0x0800a044                __libc_init_array
 .text.memcpy   0x0800a08c       0x1c C:/ST/STM32CubeIDE_1.15.1/STM32CubeIDE/plugins/com.st.stm32cube.ide.mcu.externaltools.gnu-tools-for-stm32.12.3.rel1.win32_1.0.200.202406191623/tools/bin/../lib/gcc/arm-none-eabi/12.3.1/../../../../arm-none-eabi/lib/thumb/v7e-m+dp/hard\libc_nano.a(libc_a-memcpy-stub.o)
                0x0800a08c                memcpy
 *(.glue_7)
 .glue_7        0x0800a0a8        0x0 linker stubs
 *(.glue_7t)
 .glue_7t       0x0800a0a8        0x0 linker stubs
 *(.eh_frame)
 .eh_frame      0x0800a0a8        0x0 C:/ST/STM32CubeIDE_1.15.1/STM32CubeIDE/plugins/com.st.stm32cube.ide.mcu.externaltools.gnu-tools-for-stm32.12.3.rel1.win32_1.0.200.202406191623/tools/bin/../lib/gcc/arm-none-eabi/12.3.1/thumb/v7e-m+dp/hard/crtbegin.o
 *(.init)
 .init          0x0800a0a8        0x4 C:/ST/STM32CubeIDE_1.15.1/STM32CubeIDE/plugins/com.st.stm32cube.ide.mcu.externaltools.gnu-tools-for-stm32.12.3.rel1.win32_1.0.200.202406191623/tools/bin/../lib/gcc/arm-none-eabi/12.3.1/thumb/v7e-m+dp/hard/crti.o
                0x0800a0a8                _init
 .init          0x0800a0ac        0x8 C:/ST/STM32CubeIDE_1.15.1/STM32CubeIDE/plugins/com.st.stm32cube.ide.mcu.externaltools.gnu-tools-for-stm32.12.3.rel1.win32_1.0.200.202406191623/tools/bin/../lib/gcc/arm-none-eabi/12.3.1/thumb/v7e-m+dp/hard/crtn.o
 *(.fini)
 .fini          0x0800a0b4        0x4 C:/ST/STM32CubeIDE_1.15.1/STM32CubeIDE/plugins/com.st.stm32cube.ide.mcu.externaltools.gnu-tools-for-stm32.12.3.rel1.win32_1.0.200.202406191623/tools/bin/../lib/gcc/arm-none-eabi/12.3.1/thumb/v7e-m+dp/hard/crti.o
                0x0800a0b4                _fini
 .fini          0x0800a0b8        0x8 C:/ST/STM32CubeIDE_1.15.1/STM32CubeIDE/plugins/com.st.stm32cube.ide.mcu.externaltools.gnu-tools-for-stm32.12.3.rel1.win32_1.0.200.202406191623/tools/bin/../lib/gcc/arm-none-eabi/12.3.1/thumb/v7e-m+dp/hard/crtn.o
                0x0800a0c0                        . = ALIGN (0x4)
                0x0800a0c0                        _etext = .

.vfp11_veneer   0x0800a0c0        0x0
 .vfp11_veneer  0x0800a0c0        0x0 linker stubs

.v4_bx          0x0800a0c0        0x0
 .v4_bx         0x0800a0c0        0x0 linker stubs

.iplt           0x0800a0c0        0x0
 .iplt          0x0800a0c0        0x0 C:/ST/STM32CubeIDE_1.15.1/STM32CubeIDE/plugins/com.st.stm32cube.ide.mcu.externaltools.gnu-tools-for-stm32.12.3.rel1.win32_1.0.200.202406191623/tools/bin/../lib/gcc/arm-none-eabi/12.3.1/thumb/v7e-m+dp/hard/crtbegin.o

.rodata         0x0800a0c0      0x218
                0x0800a0c0                        . = ALIGN (0x4)
 *(.rodata)
 *(.rodata*)
 .rodata.D1CorePrescTable
                0x0800a0c0       0x10 ./Core/Src/system_stm32h7xx.o
                0x0800a0c0                D1CorePrescTable
 .rodata.ov2640_qvga_cfg
                0x0800a0d0      0x1b8 ./Drivers/DSP/Components/ov2640/ov2640_cfg.o
                0x0800a0d0                ov2640_qvga_cfg
 .rodata.ov2640_yuv422_cfg
                0x0800a288       0x10 ./Drivers/DSP/Components/ov2640/ov2640_cfg.o
                0x0800a288                ov2640_yuv422_cfg
 .rodata.ov2640_jpeg_cfg
                0x0800a298        0xe ./Drivers/DSP/Components/ov2640/ov2640_cfg.o
                0x0800a298                ov2640_jpeg_cfg
 *fill*         0x0800a2a6        0x2 
 .rodata.flagBitshiftOffset.0
                0x0800a2a8        0x8 ./Drivers/STM32H7xx_HAL_Driver/Src/stm32h7xx_hal_dma.o
 .rodata.UARTPrescTable
                0x0800a2b0       0x18 ./Drivers/STM32H7xx_HAL_Driver/Src/stm32h7xx_hal_uart.o
                0x0800a2b0                UARTPrescTable
 .rodata.numerator.1
                0x0800a2c8        0x8 ./Drivers/STM32H7xx_HAL_Driver/Src/stm32h7xx_hal_uart_ex.o
 .rodata.denominator.0
                0x0800a2d0        0x8 ./Drivers/STM32H7xx_HAL_Driver/Src/stm32h7xx_hal_uart_ex.o
                0x0800a2d8                        . = ALIGN (0x4)

.ARM.extab
 *(.ARM.extab* .gnu.linkonce.armextab.*)

.ARM            0x0800a2d8        0x8
                0x0800a2d8                        __exidx_start = .
 *(.ARM.exidx*)
 .ARM.exidx     0x0800a2d8        0x8 C:/ST/STM32CubeIDE_1.15.1/STM32CubeIDE/plugins/com.st.stm32cube.ide.mcu.externaltools.gnu-tools-for-stm32.12.3.rel1.win32_1.0.200.202406191623/tools/bin/../lib/gcc/arm-none-eabi/12.3.1/thumb/v7e-m+dp/hard\libgcc.a(_udivmoddi4.o)
                0x0800a2e0                        __exidx_end = .

.preinit_array  0x0800a2e0        0x0
                0x0800a2e0                        PROVIDE (__preinit_array_start = .)
 *(.preinit_array*)
                0x0800a2e0                        PROVIDE (__preinit_array_end = .)

.init_array     0x0800a2e0        0x4
                0x0800a2e0                        PROVIDE (__init_array_start = .)
 *(SORT_BY_NAME(.init_array.*))
 *(.init_array*)
 .init_array    0x0800a2e0        0x4 C:/ST/STM32CubeIDE_1.15.1/STM32CubeIDE/plugins/com.st.stm32cube.ide.mcu.externaltools.gnu-tools-for-stm32.12.3.rel1.win32_1.0.200.202406191623/tools/bin/../lib/gcc/arm-none-eabi/12.3.1/thumb/v7e-m+dp/hard/crtbegin.o
                0x0800a2e4                        PROVIDE (__init_array_end = .)

.fini_array     0x0800a2e4        0x4
                [!provide]                        PROVIDE (__fini_array_start = .)
 *(SORT_BY_NAME(.fini_array.*))
 *(.fini_array*)
 .fini_array    0x0800a2e4        0x4 C:/ST/STM32CubeIDE_1.15.1/STM32CubeIDE/plugins/com.st.stm32cube.ide.mcu.externaltools.gnu-tools-for-stm32.12.3.rel1.win32_1.0.200.202406191623/tools/bin/../lib/gcc/arm-none-eabi/12.3.1/thumb/v7e-m+dp/hard/crtbegin.o
                [!provide]                        PROVIDE (__fini_array_end = .)
                0x0800a2e8                        _sidata = LOADADDR (.data)

.rel.dyn        0x0800a2e8        0x0
 .rel.iplt      0x0800a2e8        0x0 C:/ST/STM32CubeIDE_1.15.1/STM32CubeIDE/plugins/com.st.stm32cube.ide.mcu.externaltools.gnu-tools-for-stm32.12.3.rel1.win32_1.0.200.202406191623/tools/bin/../lib/gcc/arm-none-eabi/12.3.1/thumb/v7e-m+dp/hard/crtbegin.o

.data           0x24000000       0x18 load address 0x0800a2e8
                0x24000000                        . = ALIGN (0x4)
                0x24000000                        _sdata = .
 *(.data)
 *(.data*)
 .data.pjpeg_buffer
                0x24000000        0x4 ./Core/Src/main.o
                0x24000000                pjpeg_buffer
 .data.pusart_buffer
                0x24000004        0x4 ./Core/Src/main.o
                0x24000004                pusart_buffer
 .data.SystemCoreClock
                0x24000008        0x4 ./Core/Src/system_stm32h7xx.o
                0x24000008                SystemCoreClock
 .data.SystemD2Clock
                0x2400000c        0x4 ./Core/Src/system_stm32h7xx.o
                0x2400000c                SystemD2Clock
 .data.uwTickPrio
                0x24000010        0x4 ./Drivers/STM32H7xx_HAL_Driver/Src/stm32h7xx_hal.o
                0x24000010                uwTickPrio
 .data.uwTickFreq
                0x24000014        0x1 ./Drivers/STM32H7xx_HAL_Driver/Src/stm32h7xx_hal.o
                0x24000014                uwTickFreq
 *(.RamFunc)
 *(.RamFunc*)
                0x24000018                        . = ALIGN (0x4)
 *fill*         0x24000015        0x3 
                0x24000018                        _edata = .

.igot.plt       0x24000018        0x0 load address 0x0800a300
 .igot.plt      0x24000018        0x0 C:/ST/STM32CubeIDE_1.15.1/STM32CubeIDE/plugins/com.st.stm32cube.ide.mcu.externaltools.gnu-tools-for-stm32.12.3.rel1.win32_1.0.200.202406191623/tools/bin/../lib/gcc/arm-none-eabi/12.3.1/thumb/v7e-m+dp/hard/crtbegin.o
                0x24000018                        . = ALIGN (0x4)

.bss            0x24000018     0x51f8 load address 0x0800a300
                0x24000018                        _sbss = .
                0x24000018                        __bss_start__ = _sbss
 *(.bss)
 .bss           0x24000018       0x1c C:/ST/STM32CubeIDE_1.15.1/STM32CubeIDE/plugins/com.st.stm32cube.ide.mcu.externaltools.gnu-tools-for-stm32.12.3.rel1.win32_1.0.200.202406191623/tools/bin/../lib/gcc/arm-none-eabi/12.3.1/thumb/v7e-m+dp/hard/crtbegin.o
 *(.bss*)
 .bss.hdcmi     0x24000034       0x50 ./Core/Src/main.o
                0x24000034                hdcmi
 .bss.hdma_dcmi
                0x24000084       0x78 ./Core/Src/main.o
                0x24000084                hdma_dcmi
 .bss.huart1    0x240000fc       0x94 ./Core/Src/main.o
                0x240000fc                huart1
 .bss.hdma_usart1_tx
                0x24000190       0x78 ./Core/Src/main.o
                0x24000190                hdma_usart1_tx
 .bss.jpeg_buffer
                0x24000208     0x2800 ./Core/Src/main.o
                0x24000208                jpeg_buffer
 .bss.usart_buffer
                0x24002a08     0x2800 ./Core/Src/main.o
                0x24002a08                usart_buffer
 .bss.jpeg_new_frame
                0x24005208        0x1 ./Core/Src/main.o
                0x24005208                jpeg_new_frame
 *fill*         0x24005209        0x3 
 .bss.uwTick    0x2400520c        0x4 ./Drivers/STM32H7xx_HAL_Driver/Src/stm32h7xx_hal.o
                0x2400520c                uwTick
 *(COMMON)
                0x24005210                        . = ALIGN (0x4)
                0x24005210                        _ebss = .
                0x24005210                        __bss_end__ = _ebss

._user_heap_stack
                0x24005210      0x600 load address 0x0800a300
                0x24005210                        . = ALIGN (0x8)
                [!provide]                        PROVIDE (end = .)
                0x24005210                        PROVIDE (_end = .)
                0x24005410                        . = (. + _Min_Heap_Size)
 *fill*         0x24005210      0x200 
                0x24005810                        . = (. + _Min_Stack_Size)
 *fill*         0x24005410      0x400 
                0x24005810                        . = ALIGN (0x8)

/DISCARD/
 libc.a(*)
 libm.a(*)
 libgcc.a(*)

.ARM.attributes
                0x00000000       0x2e
 *(.ARM.attributes)
 .ARM.attributes
                0x00000000       0x20 C:/ST/STM32CubeIDE_1.15.1/STM32CubeIDE/plugins/com.st.stm32cube.ide.mcu.externaltools.gnu-tools-for-stm32.12.3.rel1.win32_1.0.200.202406191623/tools/bin/../lib/gcc/arm-none-eabi/12.3.1/thumb/v7e-m+dp/hard/crti.o
 .ARM.attributes
                0x00000020       0x32 C:/ST/STM32CubeIDE_1.15.1/STM32CubeIDE/plugins/com.st.stm32cube.ide.mcu.externaltools.gnu-tools-for-stm32.12.3.rel1.win32_1.0.200.202406191623/tools/bin/../lib/gcc/arm-none-eabi/12.3.1/thumb/v7e-m+dp/hard/crtbegin.o
 .ARM.attributes
                0x00000052       0x32 ./Core/Src/main.o
 .ARM.attributes
                0x00000084       0x32 ./Core/Src/stm32h7xx_hal_msp.o
 .ARM.attributes
                0x000000b6       0x32 ./Core/Src/stm32h7xx_it.o
 .ARM.attributes
                0x000000e8       0x32 ./Core/Src/system_stm32h7xx.o
 .ARM.attributes
                0x0000011a       0x21 ./Core/Startup/startup_stm32h750vbtx.o
 .ARM.attributes
                0x0000013b       0x32 ./Drivers/DSP/Common/systick/systick.o
 .ARM.attributes
                0x0000016d       0x32 ./Drivers/DSP/Components/ov2640/ov2640.o
 .ARM.attributes
                0x0000019f       0x32 ./Drivers/DSP/Components/ov2640/ov2640_cfg.o
 .ARM.attributes
                0x000001d1       0x32 ./Drivers/DSP/Components/ov2640/sccb.o
 .ARM.attributes
                0x00000203       0x32 ./Drivers/STM32H7xx_HAL_Driver/Src/stm32h7xx_hal.o
 .ARM.attributes
                0x00000235       0x32 ./Drivers/STM32H7xx_HAL_Driver/Src/stm32h7xx_hal_cortex.o
 .ARM.attributes
                0x00000267       0x32 ./Drivers/STM32H7xx_HAL_Driver/Src/stm32h7xx_hal_dcmi.o
 .ARM.attributes
                0x00000299       0x32 ./Drivers/STM32H7xx_HAL_Driver/Src/stm32h7xx_hal_dma.o
 .ARM.attributes
                0x000002cb       0x32 ./Drivers/STM32H7xx_HAL_Driver/Src/stm32h7xx_hal_dma_ex.o
 .ARM.attributes
                0x000002fd       0x32 ./Drivers/STM32H7xx_HAL_Driver/Src/stm32h7xx_hal_gpio.o
 .ARM.attributes
                0x0000032f       0x32 ./Drivers/STM32H7xx_HAL_Driver/Src/stm32h7xx_hal_pwr_ex.o
 .ARM.attributes
                0x00000361       0x32 ./Drivers/STM32H7xx_HAL_Driver/Src/stm32h7xx_hal_rcc.o
 .ARM.attributes
                0x00000393       0x32 ./Drivers/STM32H7xx_HAL_Driver/Src/stm32h7xx_hal_rcc_ex.o
 .ARM.attributes
                0x000003c5       0x32 ./Drivers/STM32H7xx_HAL_Driver/Src/stm32h7xx_hal_uart.o
 .ARM.attributes
                0x000003f7       0x32 ./Drivers/STM32H7xx_HAL_Driver/Src/stm32h7xx_hal_uart_ex.o
 .ARM.attributes
                0x00000429       0x32 C:/ST/STM32CubeIDE_1.15.1/STM32CubeIDE/plugins/com.st.stm32cube.ide.mcu.externaltools.gnu-tools-for-stm32.12.3.rel1.win32_1.0.200.202406191623/tools/bin/../lib/gcc/arm-none-eabi/12.3.1/../../../../arm-none-eabi/lib/thumb/v7e-m+dp/hard\libc_nano.a(libc_a-memset.o)
 .ARM.attributes
                0x0000045b       0x32 C:/ST/STM32CubeIDE_1.15.1/STM32CubeIDE/plugins/com.st.stm32cube.ide.mcu.externaltools.gnu-tools-for-stm32.12.3.rel1.win32_1.0.200.202406191623/tools/bin/../lib/gcc/arm-none-eabi/12.3.1/../../../../arm-none-eabi/lib/thumb/v7e-m+dp/hard\libc_nano.a(libc_a-init.o)
 .ARM.attributes
                0x0000048d       0x32 C:/ST/STM32CubeIDE_1.15.1/STM32CubeIDE/plugins/com.st.stm32cube.ide.mcu.externaltools.gnu-tools-for-stm32.12.3.rel1.win32_1.0.200.202406191623/tools/bin/../lib/gcc/arm-none-eabi/12.3.1/../../../../arm-none-eabi/lib/thumb/v7e-m+dp/hard\libc_nano.a(libc_a-memcpy-stub.o)
 .ARM.attributes
                0x000004bf       0x20 C:/ST/STM32CubeIDE_1.15.1/STM32CubeIDE/plugins/com.st.stm32cube.ide.mcu.externaltools.gnu-tools-for-stm32.12.3.rel1.win32_1.0.200.202406191623/tools/bin/../lib/gcc/arm-none-eabi/12.3.1/thumb/v7e-m+dp/hard\libgcc.a(_aeabi_uldivmod.o)
 .ARM.attributes
                0x000004df       0x32 C:/ST/STM32CubeIDE_1.15.1/STM32CubeIDE/plugins/com.st.stm32cube.ide.mcu.externaltools.gnu-tools-for-stm32.12.3.rel1.win32_1.0.200.202406191623/tools/bin/../lib/gcc/arm-none-eabi/12.3.1/thumb/v7e-m+dp/hard\libgcc.a(_udivmoddi4.o)
 .ARM.attributes
                0x00000511       0x20 C:/ST/STM32CubeIDE_1.15.1/STM32CubeIDE/plugins/com.st.stm32cube.ide.mcu.externaltools.gnu-tools-for-stm32.12.3.rel1.win32_1.0.200.202406191623/tools/bin/../lib/gcc/arm-none-eabi/12.3.1/thumb/v7e-m+dp/hard\libgcc.a(_dvmd_tls.o)
 .ARM.attributes
                0x00000531       0x20 C:/ST/STM32CubeIDE_1.15.1/STM32CubeIDE/plugins/com.st.stm32cube.ide.mcu.externaltools.gnu-tools-for-stm32.12.3.rel1.win32_1.0.200.202406191623/tools/bin/../lib/gcc/arm-none-eabi/12.3.1/thumb/v7e-m+dp/hard/crtn.o
OUTPUT(demo_ov2640.elf elf32-littlearm)
LOAD linker stubs
LOAD C:/ST/STM32CubeIDE_1.15.1/STM32CubeIDE/plugins/com.st.stm32cube.ide.mcu.externaltools.gnu-tools-for-stm32.12.3.rel1.win32_1.0.200.202406191623/tools/bin/../lib/gcc/arm-none-eabi/12.3.1/../../../../arm-none-eabi/lib/thumb/v7e-m+dp/hard\libc.a
LOAD C:/ST/STM32CubeIDE_1.15.1/STM32CubeIDE/plugins/com.st.stm32cube.ide.mcu.externaltools.gnu-tools-for-stm32.12.3.rel1.win32_1.0.200.202406191623/tools/bin/../lib/gcc/arm-none-eabi/12.3.1/../../../../arm-none-eabi/lib/thumb/v7e-m+dp/hard\libm.a
LOAD C:/ST/STM32CubeIDE_1.15.1/STM32CubeIDE/plugins/com.st.stm32cube.ide.mcu.externaltools.gnu-tools-for-stm32.12.3.rel1.win32_1.0.200.202406191623/tools/bin/../lib/gcc/arm-none-eabi/12.3.1/thumb/v7e-m+dp/hard\libgcc.a

.debug_info     0x00000000    0x1358a
 .debug_info    0x00000000     0x1c3c ./Core/Src/main.o
 .debug_info    0x00001c3c     0x185d ./Core/Src/stm32h7xx_hal_msp.o
 .debug_info    0x00003499      0xb2a ./Core/Src/stm32h7xx_it.o
 .debug_info    0x00003fc3      0xcef ./Core/Src/system_stm32h7xx.o
 .debug_info    0x00004cb2       0x30 ./Core/Startup/startup_stm32h750vbtx.o
 .debug_info    0x00004ce2      0x16c ./Drivers/DSP/Common/systick/systick.o
 .debug_info    0x00004e4e      0x417 ./Drivers/DSP/Components/ov2640/ov2640.o
 .debug_info    0x00005265      0x166 ./Drivers/DSP/Components/ov2640/ov2640_cfg.o
 .debug_info    0x000053cb      0x3c1 ./Drivers/DSP/Components/ov2640/sccb.o
 .debug_info    0x0000578c     0x1541 ./Drivers/STM32H7xx_HAL_Driver/Src/stm32h7xx_hal.o
 .debug_info    0x00006ccd     0x10b2 ./Drivers/STM32H7xx_HAL_Driver/Src/stm32h7xx_hal_cortex.o
 .debug_info    0x00007d7f      0xc1d ./Drivers/STM32H7xx_HAL_Driver/Src/stm32h7xx_hal_dcmi.o
 .debug_info    0x0000899c      0xc27 ./Drivers/STM32H7xx_HAL_Driver/Src/stm32h7xx_hal_dma.o
 .debug_info    0x000095c3      0x831 ./Drivers/STM32H7xx_HAL_Driver/Src/stm32h7xx_hal_dma_ex.o
 .debug_info    0x00009df4      0xc4b ./Drivers/STM32H7xx_HAL_Driver/Src/stm32h7xx_hal_gpio.o
 .debug_info    0x0000aa3f     0x1008 ./Drivers/STM32H7xx_HAL_Driver/Src/stm32h7xx_hal_pwr_ex.o
 .debug_info    0x0000ba47      0xe5b ./Drivers/STM32H7xx_HAL_Driver/Src/stm32h7xx_hal_rcc.o
 .debug_info    0x0000c8a2     0x1216 ./Drivers/STM32H7xx_HAL_Driver/Src/stm32h7xx_hal_rcc_ex.o
 .debug_info    0x0000dab8     0x4b13 ./Drivers/STM32H7xx_HAL_Driver/Src/stm32h7xx_hal_uart.o
 .debug_info    0x000125cb      0xfbf ./Drivers/STM32H7xx_HAL_Driver/Src/stm32h7xx_hal_uart_ex.o

.debug_abbrev   0x00000000     0x2972
 .debug_abbrev  0x00000000      0x31e ./Core/Src/main.o
 .debug_abbrev  0x0000031e      0x261 ./Core/Src/stm32h7xx_hal_msp.o
 .debug_abbrev  0x0000057f      0x171 ./Core/Src/stm32h7xx_it.o
 .debug_abbrev  0x000006f0      0x14c ./Core/Src/system_stm32h7xx.o
 .debug_abbrev  0x0000083c       0x24 ./Core/Startup/startup_stm32h750vbtx.o
 .debug_abbrev  0x00000860       0xe6 ./Drivers/DSP/Common/systick/systick.o
 .debug_abbrev  0x00000946      0x1c3 ./Drivers/DSP/Components/ov2640/ov2640.o
 .debug_abbrev  0x00000b09       0x76 ./Drivers/DSP/Components/ov2640/ov2640_cfg.o
 .debug_abbrev  0x00000b7f      0x1e9 ./Drivers/DSP/Components/ov2640/sccb.o
 .debug_abbrev  0x00000d68      0x295 ./Drivers/STM32H7xx_HAL_Driver/Src/stm32h7xx_hal.o
 .debug_abbrev  0x00000ffd      0x339 ./Drivers/STM32H7xx_HAL_Driver/Src/stm32h7xx_hal_cortex.o
 .debug_abbrev  0x00001336      0x243 ./Drivers/STM32H7xx_HAL_Driver/Src/stm32h7xx_hal_dcmi.o
 .debug_abbrev  0x00001579      0x248 ./Drivers/STM32H7xx_HAL_Driver/Src/stm32h7xx_hal_dma.o
 .debug_abbrev  0x000017c1      0x1cc ./Drivers/STM32H7xx_HAL_Driver/Src/stm32h7xx_hal_dma_ex.o
 .debug_abbrev  0x0000198d      0x1fe ./Drivers/STM32H7xx_HAL_Driver/Src/stm32h7xx_hal_gpio.o
 .debug_abbrev  0x00001b8b      0x2a7 ./Drivers/STM32H7xx_HAL_Driver/Src/stm32h7xx_hal_pwr_ex.o
 .debug_abbrev  0x00001e32      0x2c8 ./Drivers/STM32H7xx_HAL_Driver/Src/stm32h7xx_hal_rcc.o
 .debug_abbrev  0x000020fa      0x269 ./Drivers/STM32H7xx_HAL_Driver/Src/stm32h7xx_hal_rcc_ex.o
 .debug_abbrev  0x00002363      0x33d ./Drivers/STM32H7xx_HAL_Driver/Src/stm32h7xx_hal_uart.o
 .debug_abbrev  0x000026a0      0x2d2 ./Drivers/STM32H7xx_HAL_Driver/Src/stm32h7xx_hal_uart_ex.o

.debug_aranges  0x00000000      0xd18
 .debug_aranges
                0x00000000       0x60 ./Core/Src/main.o
 .debug_aranges
                0x00000060       0x40 ./Core/Src/stm32h7xx_hal_msp.o
 .debug_aranges
                0x000000a0       0x80 ./Core/Src/stm32h7xx_it.o
 .debug_aranges
                0x00000120       0x28 ./Core/Src/system_stm32h7xx.o
 .debug_aranges
                0x00000148       0x28 ./Core/Startup/startup_stm32h750vbtx.o
 .debug_aranges
                0x00000170       0x30 ./Drivers/DSP/Common/systick/systick.o
 .debug_aranges
                0x000001a0       0x60 ./Drivers/DSP/Components/ov2640/ov2640.o
 .debug_aranges
                0x00000200       0x18 ./Drivers/DSP/Components/ov2640/ov2640_cfg.o
 .debug_aranges
                0x00000218       0x58 ./Drivers/DSP/Components/ov2640/sccb.o
 .debug_aranges
                0x00000270      0x198 ./Drivers/STM32H7xx_HAL_Driver/Src/stm32h7xx_hal.o
 .debug_aranges
                0x00000408      0x130 ./Drivers/STM32H7xx_HAL_Driver/Src/stm32h7xx_hal_cortex.o
 .debug_aranges
                0x00000538       0xc0 ./Drivers/STM32H7xx_HAL_Driver/Src/stm32h7xx_hal_dcmi.o
 .debug_aranges
                0x000005f8       0xa0 ./Drivers/STM32H7xx_HAL_Driver/Src/stm32h7xx_hal_dma.o
 .debug_aranges
                0x00000698       0x60 ./Drivers/STM32H7xx_HAL_Driver/Src/stm32h7xx_hal_dma_ex.o
 .debug_aranges
                0x000006f8       0x58 ./Drivers/STM32H7xx_HAL_Driver/Src/stm32h7xx_hal_gpio.o
 .debug_aranges
                0x00000750      0x158 ./Drivers/STM32H7xx_HAL_Driver/Src/stm32h7xx_hal_pwr_ex.o
 .debug_aranges
                0x000008a8       0x88 ./Drivers/STM32H7xx_HAL_Driver/Src/stm32h7xx_hal_rcc.o
 .debug_aranges
                0x00000930       0xf8 ./Drivers/STM32H7xx_HAL_Driver/Src/stm32h7xx_hal_rcc_ex.o
 .debug_aranges
                0x00000a28      0x248 ./Drivers/STM32H7xx_HAL_Driver/Src/stm32h7xx_hal_uart.o
 .debug_aranges
                0x00000c70       0xa8 ./Drivers/STM32H7xx_HAL_Driver/Src/stm32h7xx_hal_uart_ex.o

.debug_rnglists
                0x00000000      0x9f7
 .debug_rnglists
                0x00000000       0x47 ./Core/Src/main.o
 .debug_rnglists
                0x00000047       0x2e ./Core/Src/stm32h7xx_hal_msp.o
 .debug_rnglists
                0x00000075       0x5b ./Core/Src/stm32h7xx_it.o
 .debug_rnglists
                0x000000d0       0x1b ./Core/Src/system_stm32h7xx.o
 .debug_rnglists
                0x000000eb       0x19 ./Core/Startup/startup_stm32h750vbtx.o
 .debug_rnglists
                0x00000104       0x1f ./Drivers/DSP/Common/systick/systick.o
 .debug_rnglists
                0x00000123       0x44 ./Drivers/DSP/Components/ov2640/ov2640.o
 .debug_rnglists
                0x00000167       0x3f ./Drivers/DSP/Components/ov2640/sccb.o
 .debug_rnglists
                0x000001a6      0x131 ./Drivers/STM32H7xx_HAL_Driver/Src/stm32h7xx_hal.o
 .debug_rnglists
                0x000002d7       0xe0 ./Drivers/STM32H7xx_HAL_Driver/Src/stm32h7xx_hal_cortex.o
 .debug_rnglists
                0x000003b7       0x91 ./Drivers/STM32H7xx_HAL_Driver/Src/stm32h7xx_hal_dcmi.o
 .debug_rnglists
                0x00000448       0x82 ./Drivers/STM32H7xx_HAL_Driver/Src/stm32h7xx_hal_dma.o
 .debug_rnglists
                0x000004ca       0x4a ./Drivers/STM32H7xx_HAL_Driver/Src/stm32h7xx_hal_dma_ex.o
 .debug_rnglists
                0x00000514       0x3f ./Drivers/STM32H7xx_HAL_Driver/Src/stm32h7xx_hal_gpio.o
 .debug_rnglists
                0x00000553      0x103 ./Drivers/STM32H7xx_HAL_Driver/Src/stm32h7xx_hal_pwr_ex.o
 .debug_rnglists
                0x00000656       0x68 ./Drivers/STM32H7xx_HAL_Driver/Src/stm32h7xx_hal_rcc.o
 .debug_rnglists
                0x000006be       0xc0 ./Drivers/STM32H7xx_HAL_Driver/Src/stm32h7xx_hal_rcc_ex.o
 .debug_rnglists
                0x0000077e      0x1fa ./Drivers/STM32H7xx_HAL_Driver/Src/stm32h7xx_hal_uart.o
 .debug_rnglists
                0x00000978       0x7f ./Drivers/STM32H7xx_HAL_Driver/Src/stm32h7xx_hal_uart_ex.o

.debug_macro    0x00000000    0x37584
 .debug_macro   0x00000000      0x303 ./Core/Src/main.o
 .debug_macro   0x00000303      0xacc ./Core/Src/main.o
 .debug_macro   0x00000dcf      0x238 ./Core/Src/main.o
 .debug_macro   0x00001007       0x2e ./Core/Src/main.o
 .debug_macro   0x00001035       0x3b ./Core/Src/main.o
 .debug_macro   0x00001070       0x22 ./Core/Src/main.o
 .debug_macro   0x00001092       0x8e ./Core/Src/main.o
 .debug_macro   0x00001120       0x51 ./Core/Src/main.o
 .debug_macro   0x00001171      0x103 ./Core/Src/main.o
 .debug_macro   0x00001274       0x6a ./Core/Src/main.o
 .debug_macro   0x000012de      0x1df ./Core/Src/main.o
 .debug_macro   0x000014bd       0x1c ./Core/Src/main.o
 .debug_macro   0x000014d9       0x22 ./Core/Src/main.o
 .debug_macro   0x000014fb       0xfb ./Core/Src/main.o
 .debug_macro   0x000015f6     0x1305 ./Core/Src/main.o
 .debug_macro   0x000028fb      0x11f ./Core/Src/main.o
 .debug_macro   0x00002a1a       0x27 ./Core/Src/main.o
 .debug_macro   0x00002a41    0x25eee ./Core/Src/main.o
 .debug_macro   0x0002892f       0x6d ./Core/Src/main.o
 .debug_macro   0x0002899c     0x3d79 ./Core/Src/main.o
 .debug_macro   0x0002c715      0x189 ./Core/Src/main.o
 .debug_macro   0x0002c89e       0x61 ./Core/Src/main.o
 .debug_macro   0x0002c8ff       0x29 ./Core/Src/main.o
 .debug_macro   0x0002c928       0x43 ./Core/Src/main.o
 .debug_macro   0x0002c96b       0x34 ./Core/Src/main.o
 .debug_macro   0x0002c99f       0x16 ./Core/Src/main.o
 .debug_macro   0x0002c9b5       0x43 ./Core/Src/main.o
 .debug_macro   0x0002c9f8       0x34 ./Core/Src/main.o
 .debug_macro   0x0002ca2c       0x10 ./Core/Src/main.o
 .debug_macro   0x0002ca3c       0x58 ./Core/Src/main.o
 .debug_macro   0x0002ca94       0x8e ./Core/Src/main.o
 .debug_macro   0x0002cb22       0x1c ./Core/Src/main.o
 .debug_macro   0x0002cb3e      0x177 ./Core/Src/main.o
 .debug_macro   0x0002ccb5      0x369 ./Core/Src/main.o
 .debug_macro   0x0002d01e      0x19b ./Core/Src/main.o
 .debug_macro   0x0002d1b9       0x5d ./Core/Src/main.o
 .debug_macro   0x0002d216     0x240e ./Core/Src/main.o
 .debug_macro   0x0002f624     0x102c ./Core/Src/main.o
 .debug_macro   0x00030650      0x154 ./Core/Src/main.o
 .debug_macro   0x000307a4      0x114 ./Core/Src/main.o
 .debug_macro   0x000308b8      0x3b6 ./Core/Src/main.o
 .debug_macro   0x00030c6e       0xac ./Core/Src/main.o
 .debug_macro   0x00030d1a      0x72d ./Core/Src/main.o
 .debug_macro   0x00031447      0x228 ./Core/Src/main.o
 .debug_macro   0x0003166f       0x66 ./Core/Src/main.o
 .debug_macro   0x000316d5      0x3bb ./Core/Src/main.o
 .debug_macro   0x00031a90      0x22c ./Core/Src/main.o
 .debug_macro   0x00031cbc      0x3e4 ./Core/Src/main.o
 .debug_macro   0x000320a0      0x275 ./Core/Src/main.o
 .debug_macro   0x00032315      0x3ca ./Core/Src/main.o
 .debug_macro   0x000326df      0x3de ./Core/Src/main.o
 .debug_macro   0x00032abd       0x3c ./Core/Src/main.o
 .debug_macro   0x00032af9       0x4a ./Core/Src/main.o
 .debug_macro   0x00032b43      0x22c ./Core/Src/main.o
 .debug_macro   0x00032d6f       0x67 ./Core/Src/main.o
 .debug_macro   0x00032dd6       0xa5 ./Core/Src/main.o
 .debug_macro   0x00032e7b      0x1c4 ./Core/Src/main.o
 .debug_macro   0x0003303f      0x25e ./Core/Src/main.o
 .debug_macro   0x0003329d       0x35 ./Core/Src/main.o
 .debug_macro   0x000332d2      0x693 ./Core/Src/main.o
 .debug_macro   0x00033965       0xa6 ./Core/Src/main.o
 .debug_macro   0x00033a0b      0x5a0 ./Core/Src/main.o
 .debug_macro   0x00033fab       0x34 ./Core/Src/main.o
 .debug_macro   0x00033fdf       0x16 ./Core/Src/main.o
 .debug_macro   0x00033ff5       0x35 ./Core/Src/main.o
 .debug_macro   0x0003402a       0x20 ./Core/Src/main.o
 .debug_macro   0x0003404a      0x2ad ./Core/Src/stm32h7xx_hal_msp.o
 .debug_macro   0x000342f7      0x2b7 ./Core/Src/stm32h7xx_it.o
 .debug_macro   0x000345ae      0x29e ./Core/Src/system_stm32h7xx.o
 .debug_macro   0x0003484c      0x2bd ./Drivers/DSP/Common/systick/systick.o
 .debug_macro   0x00034b09      0x2f8 ./Drivers/DSP/Components/ov2640/ov2640.o
 .debug_macro   0x00034e01      0x1ea ./Drivers/DSP/Components/ov2640/ov2640.o
 .debug_macro   0x00034feb      0x2bc ./Drivers/DSP/Components/ov2640/ov2640_cfg.o
 .debug_macro   0x000352a7      0x1e4 ./Drivers/DSP/Components/ov2640/ov2640_cfg.o
 .debug_macro   0x0003548b      0x2f1 ./Drivers/DSP/Components/ov2640/sccb.o
 .debug_macro   0x0003577c      0x2c8 ./Drivers/STM32H7xx_HAL_Driver/Src/stm32h7xx_hal.o
 .debug_macro   0x00035a44      0x29e ./Drivers/STM32H7xx_HAL_Driver/Src/stm32h7xx_hal_cortex.o
 .debug_macro   0x00035ce2      0x2a5 ./Drivers/STM32H7xx_HAL_Driver/Src/stm32h7xx_hal_dcmi.o
 .debug_macro   0x00035f87      0x2f2 ./Drivers/STM32H7xx_HAL_Driver/Src/stm32h7xx_hal_dma.o
 .debug_macro   0x00036279      0x29e ./Drivers/STM32H7xx_HAL_Driver/Src/stm32h7xx_hal_dma_ex.o
 .debug_macro   0x00036517      0x2a5 ./Drivers/STM32H7xx_HAL_Driver/Src/stm32h7xx_hal_gpio.o
 .debug_macro   0x000367bc      0x2d7 ./Drivers/STM32H7xx_HAL_Driver/Src/stm32h7xx_hal_pwr_ex.o
 .debug_macro   0x00036a93      0x2c2 ./Drivers/STM32H7xx_HAL_Driver/Src/stm32h7xx_hal_rcc.o
 .debug_macro   0x00036d55      0x2bc ./Drivers/STM32H7xx_HAL_Driver/Src/stm32h7xx_hal_rcc_ex.o
 .debug_macro   0x00037011      0x2c9 ./Drivers/STM32H7xx_HAL_Driver/Src/stm32h7xx_hal_uart.o
 .debug_macro   0x000372da      0x2aa ./Drivers/STM32H7xx_HAL_Driver/Src/stm32h7xx_hal_uart_ex.o

.debug_line     0x00000000    0x15571
 .debug_line    0x00000000      0xb42 ./Core/Src/main.o
 .debug_line    0x00000b42      0xa22 ./Core/Src/stm32h7xx_hal_msp.o
 .debug_line    0x00001564      0x9ee ./Core/Src/stm32h7xx_it.o
 .debug_line    0x00001f52      0xa87 ./Core/Src/system_stm32h7xx.o
 .debug_line    0x000029d9       0x7a ./Core/Startup/startup_stm32h750vbtx.o
 .debug_line    0x00002a53      0x955 ./Drivers/DSP/Common/systick/systick.o
 .debug_line    0x000033a8      0xa76 ./Drivers/DSP/Components/ov2640/ov2640.o
 .debug_line    0x00003e1e      0x8d1 ./Drivers/DSP/Components/ov2640/ov2640_cfg.o
 .debug_line    0x000046ef      0xa7c ./Drivers/DSP/Components/ov2640/sccb.o
 .debug_line    0x0000516b      0xe7c ./Drivers/STM32H7xx_HAL_Driver/Src/stm32h7xx_hal.o
 .debug_line    0x00005fe7      0xeab ./Drivers/STM32H7xx_HAL_Driver/Src/stm32h7xx_hal_cortex.o
 .debug_line    0x00006e92     0x1023 ./Drivers/STM32H7xx_HAL_Driver/Src/stm32h7xx_hal_dcmi.o
 .debug_line    0x00007eb5     0x27df ./Drivers/STM32H7xx_HAL_Driver/Src/stm32h7xx_hal_dma.o
 .debug_line    0x0000a694     0x1216 ./Drivers/STM32H7xx_HAL_Driver/Src/stm32h7xx_hal_dma_ex.o
 .debug_line    0x0000b8aa      0xd54 ./Drivers/STM32H7xx_HAL_Driver/Src/stm32h7xx_hal_gpio.o
 .debug_line    0x0000c5fe      0xf9f ./Drivers/STM32H7xx_HAL_Driver/Src/stm32h7xx_hal_pwr_ex.o
 .debug_line    0x0000d59d     0x144c ./Drivers/STM32H7xx_HAL_Driver/Src/stm32h7xx_hal_rcc.o
 .debug_line    0x0000e9e9     0x1d64 ./Drivers/STM32H7xx_HAL_Driver/Src/stm32h7xx_hal_rcc_ex.o
 .debug_line    0x0001074d     0x3f0a ./Drivers/STM32H7xx_HAL_Driver/Src/stm32h7xx_hal_uart.o
 .debug_line    0x00014657      0xf1a ./Drivers/STM32H7xx_HAL_Driver/Src/stm32h7xx_hal_uart_ex.o

.debug_str      0x00000000   0x15a5a3
 .debug_str     0x00000000   0x155d05 ./Core/Src/main.o
                             0x156288 (size before relaxing)
 .debug_str     0x00155d05      0x3ed ./Core/Src/stm32h7xx_hal_msp.o
                             0x1560b0 (size before relaxing)
 .debug_str     0x001560f2      0x146 ./Core/Src/stm32h7xx_it.o
                             0x15527a (size before relaxing)
 .debug_str     0x00156238      0x344 ./Core/Src/system_stm32h7xx.o
                             0x154dfa (size before relaxing)
 .debug_str     0x0015657c       0x85 ./Core/Startup/startup_stm32h750vbtx.o
 .debug_str     0x00156601       0x82 ./Drivers/DSP/Common/systick/systick.o
                             0x1549f5 (size before relaxing)
 .debug_str     0x00156683      0x9f5 ./Drivers/DSP/Components/ov2640/ov2640.o
                             0x155433 (size before relaxing)
 .debug_str     0x00157078       0x47 ./Drivers/DSP/Components/ov2640/ov2640_cfg.o
                             0x155154 (size before relaxing)
 .debug_str     0x001570bf      0x1ea ./Drivers/DSP/Components/ov2640/sccb.o
                             0x154c6b (size before relaxing)
 .debug_str     0x001572a9      0x7e1 ./Drivers/STM32H7xx_HAL_Driver/Src/stm32h7xx_hal.o
                             0x155d1f (size before relaxing)
 .debug_str     0x00157a8a      0x2b9 ./Drivers/STM32H7xx_HAL_Driver/Src/stm32h7xx_hal_cortex.o
                             0x15575a (size before relaxing)
 .debug_str     0x00157d43      0x266 ./Drivers/STM32H7xx_HAL_Driver/Src/stm32h7xx_hal_dcmi.o
                             0x155140 (size before relaxing)
 .debug_str     0x00157fa9      0x824 ./Drivers/STM32H7xx_HAL_Driver/Src/stm32h7xx_hal_dma.o
                             0x155534 (size before relaxing)
 .debug_str     0x001587cd      0x203 ./Drivers/STM32H7xx_HAL_Driver/Src/stm32h7xx_hal_dma_ex.o
                             0x154ec1 (size before relaxing)
 .debug_str     0x001589d0       0xdb ./Drivers/STM32H7xx_HAL_Driver/Src/stm32h7xx_hal_gpio.o
                             0x154db1 (size before relaxing)
 .debug_str     0x00158aab      0x642 ./Drivers/STM32H7xx_HAL_Driver/Src/stm32h7xx_hal_pwr_ex.o
                             0x155272 (size before relaxing)
 .debug_str     0x001590ed      0x22e ./Drivers/STM32H7xx_HAL_Driver/Src/stm32h7xx_hal_rcc.o
                             0x155195 (size before relaxing)
 .debug_str     0x0015931b      0x64b ./Drivers/STM32H7xx_HAL_Driver/Src/stm32h7xx_hal_rcc_ex.o
                             0x155676 (size before relaxing)
 .debug_str     0x00159966      0x9d0 ./Drivers/STM32H7xx_HAL_Driver/Src/stm32h7xx_hal_uart.o
                             0x155cd6 (size before relaxing)
 .debug_str     0x0015a336      0x26d ./Drivers/STM32H7xx_HAL_Driver/Src/stm32h7xx_hal_uart_ex.o
                             0x155296 (size before relaxing)

.comment        0x00000000       0x43
 .comment       0x00000000       0x43 ./Core/Src/main.o
                                 0x44 (size before relaxing)
 .comment       0x00000043       0x44 ./Core/Src/stm32h7xx_hal_msp.o
 .comment       0x00000043       0x44 ./Core/Src/stm32h7xx_it.o
 .comment       0x00000043       0x44 ./Core/Src/system_stm32h7xx.o
 .comment       0x00000043       0x44 ./Drivers/DSP/Common/systick/systick.o
 .comment       0x00000043       0x44 ./Drivers/DSP/Components/ov2640/ov2640.o
 .comment       0x00000043       0x44 ./Drivers/DSP/Components/ov2640/ov2640_cfg.o
 .comment       0x00000043       0x44 ./Drivers/DSP/Components/ov2640/sccb.o
 .comment       0x00000043       0x44 ./Drivers/STM32H7xx_HAL_Driver/Src/stm32h7xx_hal.o
 .comment       0x00000043       0x44 ./Drivers/STM32H7xx_HAL_Driver/Src/stm32h7xx_hal_cortex.o
 .comment       0x00000043       0x44 ./Drivers/STM32H7xx_HAL_Driver/Src/stm32h7xx_hal_dcmi.o
 .comment       0x00000043       0x44 ./Drivers/STM32H7xx_HAL_Driver/Src/stm32h7xx_hal_dma.o
 .comment       0x00000043       0x44 ./Drivers/STM32H7xx_HAL_Driver/Src/stm32h7xx_hal_dma_ex.o
 .comment       0x00000043       0x44 ./Drivers/STM32H7xx_HAL_Driver/Src/stm32h7xx_hal_gpio.o
 .comment       0x00000043       0x44 ./Drivers/STM32H7xx_HAL_Driver/Src/stm32h7xx_hal_pwr_ex.o
 .comment       0x00000043       0x44 ./Drivers/STM32H7xx_HAL_Driver/Src/stm32h7xx_hal_rcc.o
 .comment       0x00000043       0x44 ./Drivers/STM32H7xx_HAL_Driver/Src/stm32h7xx_hal_rcc_ex.o
 .comment       0x00000043       0x44 ./Drivers/STM32H7xx_HAL_Driver/Src/stm32h7xx_hal_uart.o
 .comment       0x00000043       0x44 ./Drivers/STM32H7xx_HAL_Driver/Src/stm32h7xx_hal_uart_ex.o

.debug_frame    0x00000000     0x34b4
 .debug_frame   0x00000000      0x138 ./Core/Src/main.o
 .debug_frame   0x00000138       0xcc ./Core/Src/stm32h7xx_hal_msp.o
 .debug_frame   0x00000204      0x174 ./Core/Src/stm32h7xx_it.o
 .debug_frame   0x00000378       0x58 ./Core/Src/system_stm32h7xx.o
 .debug_frame   0x000003d0       0x80 ./Drivers/DSP/Common/systick/systick.o
 .debug_frame   0x00000450      0x144 ./Drivers/DSP/Components/ov2640/ov2640.o
 .debug_frame   0x00000594      0x120 ./Drivers/DSP/Components/ov2640/sccb.o
 .debug_frame   0x000006b4      0x690 ./Drivers/STM32H7xx_HAL_Driver/Src/stm32h7xx_hal.o
 .debug_frame   0x00000d44      0x508 ./Drivers/STM32H7xx_HAL_Driver/Src/stm32h7xx_hal_cortex.o
 .debug_frame   0x0000124c      0x340 ./Drivers/STM32H7xx_HAL_Driver/Src/stm32h7xx_hal_dcmi.o
 .debug_frame   0x0000158c      0x2b4 ./Drivers/STM32H7xx_HAL_Driver/Src/stm32h7xx_hal_dma.o
 .debug_frame   0x00001840      0x174 ./Drivers/STM32H7xx_HAL_Driver/Src/stm32h7xx_hal_dma_ex.o
 .debug_frame   0x000019b4      0x14c ./Drivers/STM32H7xx_HAL_Driver/Src/stm32h7xx_hal_gpio.o
 .debug_frame   0x00001b00      0x580 ./Drivers/STM32H7xx_HAL_Driver/Src/stm32h7xx_hal_pwr_ex.o
 .debug_frame   0x00002080      0x1f8 ./Drivers/STM32H7xx_HAL_Driver/Src/stm32h7xx_hal_rcc.o
 .debug_frame   0x00002278      0x414 ./Drivers/STM32H7xx_HAL_Driver/Src/stm32h7xx_hal_rcc_ex.o
 .debug_frame   0x0000268c      0xa94 ./Drivers/STM32H7xx_HAL_Driver/Src/stm32h7xx_hal_uart.o
 .debug_frame   0x00003120      0x2c0 ./Drivers/STM32H7xx_HAL_Driver/Src/stm32h7xx_hal_uart_ex.o
 .debug_frame   0x000033e0       0x20 C:/ST/STM32CubeIDE_1.15.1/STM32CubeIDE/plugins/com.st.stm32cube.ide.mcu.externaltools.gnu-tools-for-stm32.12.3.rel1.win32_1.0.200.202406191623/tools/bin/../lib/gcc/arm-none-eabi/12.3.1/../../../../arm-none-eabi/lib/thumb/v7e-m+dp/hard\libc_nano.a(libc_a-memset.o)
 .debug_frame   0x00003400       0x2c C:/ST/STM32CubeIDE_1.15.1/STM32CubeIDE/plugins/com.st.stm32cube.ide.mcu.externaltools.gnu-tools-for-stm32.12.3.rel1.win32_1.0.200.202406191623/tools/bin/../lib/gcc/arm-none-eabi/12.3.1/../../../../arm-none-eabi/lib/thumb/v7e-m+dp/hard\libc_nano.a(libc_a-init.o)
 .debug_frame   0x0000342c       0x28 C:/ST/STM32CubeIDE_1.15.1/STM32CubeIDE/plugins/com.st.stm32cube.ide.mcu.externaltools.gnu-tools-for-stm32.12.3.rel1.win32_1.0.200.202406191623/tools/bin/../lib/gcc/arm-none-eabi/12.3.1/../../../../arm-none-eabi/lib/thumb/v7e-m+dp/hard\libc_nano.a(libc_a-memcpy-stub.o)
 .debug_frame   0x00003454       0x2c C:/ST/STM32CubeIDE_1.15.1/STM32CubeIDE/plugins/com.st.stm32cube.ide.mcu.externaltools.gnu-tools-for-stm32.12.3.rel1.win32_1.0.200.202406191623/tools/bin/../lib/gcc/arm-none-eabi/12.3.1/thumb/v7e-m+dp/hard\libgcc.a(_aeabi_uldivmod.o)
 .debug_frame   0x00003480       0x34 C:/ST/STM32CubeIDE_1.15.1/STM32CubeIDE/plugins/com.st.stm32cube.ide.mcu.externaltools.gnu-tools-for-stm32.12.3.rel1.win32_1.0.200.202406191623/tools/bin/../lib/gcc/arm-none-eabi/12.3.1/thumb/v7e-m+dp/hard\libgcc.a(_udivmoddi4.o)

.debug_line_str
                0x00000000       0x69
 .debug_line_str
                0x00000000       0x69 ./Core/Startup/startup_stm32h750vbtx.o
